BL51 BANKED LINKER/LOCATER V6.22                                                        08/19/2013  15:41:50  PAGE 1


BL51 BANKED LINKER/LOCATER V6.22, INVOKED BY:
D:\KEIL\C51\BIN\BL51.EXE l298.obj, main.obj TO Test RAMSIZE (256)


MEMORY MODEL: SMALL


INPUT MODULES INCLUDED:
  l298.obj (L298)
  main.obj (MAIN)
  D:\KEIL\C51\LIB\C51S.LIB (?C_STARTUP)


LINK MAP OF MODULE:  Test (L298)


            TYPE    BASE      LENGTH    RELOCATION   SEGMENT NAME
            -----------------------------------------------------

            * * * * * * *   D A T A   M E M O R Y   * * * * * * *
            REG     0000H     0008H     ABSOLUTE     "REG BANK 0"
            IDATA   0008H     0001H     UNIT         ?STACK

            * * * * * * *   C O D E   M E M O R Y   * * * * * * *
            CODE    0000H     0003H     ABSOLUTE     
            CODE    0003H     0024H     UNIT         ?PR?_DELAY?MAIN
            CODE    0027H     0014H     UNIT         ?PR?MAIN?MAIN
            CODE    003BH     000CH     UNIT         ?C_C51STARTUP
            CODE    0047H     0007H     UNIT         ?PR?FOREWARD?L298
            CODE    004EH     0007H     UNIT         ?PR?REVERSE?L298
            CODE    0055H     0005H     UNIT         ?PR?STOP?L298



OVERLAY MAP OF MODULE:   Test (L298)


SEGMENT
  +--> CALLED SEGMENT
---------------------
?C_C51STARTUP
  +--> ?PR?MAIN?MAIN

?PR?MAIN?MAIN
  +--> ?PR?FOREWARD?L298
  +--> ?PR?_DELAY?MAIN
  +--> ?PR?REVERSE?L298
  +--> ?PR?STOP?L298



SYMBOL TABLE OF MODULE:  Test (L298)

  VALUE           TYPE          NAME
  ----------------------------------

  -------         MODULE        L298
  C:0000H         SYMBOL        _ICE_DUMMY_
BL51 BANKED LINKER/LOCATER V6.22                                                      08/19/2013  15:41:50  PAGE 2


  C:004EH         PUBLIC        reverse
  D:0090H         PUBLIC        P1
  D:00A0H         PUBLIC        P2
  D:00B0H         PUBLIC        P3
  B:00A0H.4       PUBLIC        en1
  B:00A0H.6       PUBLIC        en2
  B:00A0H.0       PUBLIC        in1
  B:00A0H.1       PUBLIC        in2
  B:00A0H.2       PUBLIC        in3
  B:00A0H.3       PUBLIC        in4
  D:00A8H         PUBLIC        IE
  D:00B8H         PUBLIC        IP
  D:0098H         PUBLIC        SCON
  D:0088H         PUBLIC        TCON
  C:0055H         PUBLIC        stop
  C:0047H         PUBLIC        foreward
  D:00C8H         PUBLIC        T2CON
  D:00D0H         PUBLIC        PSW
  -------         PROC          FOREWARD
  C:0047H         LINE#         4
  C:0047H         LINE#         5
  C:0049H         LINE#         6
  C:004BH         LINE#         7
  C:004DH         LINE#         8
  -------         ENDPROC       FOREWARD
  -------         PROC          REVERSE
  C:004EH         LINE#         11
  C:004EH         LINE#         12
  C:0050H         LINE#         13
  C:0052H         LINE#         14
  C:0054H         LINE#         15
  -------         ENDPROC       REVERSE
  -------         PROC          STOP
  C:0055H         LINE#         18
  C:0055H         LINE#         19
  C:0057H         LINE#         20
  C:0059H         LINE#         21
  -------         ENDPROC       STOP
  -------         ENDMOD        L298

  -------         MODULE        MAIN
  C:0000H         SYMBOL        _ICE_DUMMY_
  D:0090H         PUBLIC        P1
  D:00A0H         PUBLIC        P2
  D:00B0H         PUBLIC        P3
  D:00A8H         PUBLIC        IE
  C:0007H         PUBLIC        _delay
  D:00B8H         PUBLIC        IP
  C:0027H         PUBLIC        main
  D:0098H         PUBLIC        SCON
  D:0088H         PUBLIC        TCON
  D:00C8H         PUBLIC        T2CON
  D:00D0H         PUBLIC        PSW
  C:0003H         SYMBOL        L?0014
  -------         PROC          L?0013
  -------         ENDPROC       L?0013
  C:0003H         SYMBOL        L?0014
BL51 BANKED LINKER/LOCATER V6.22                                                      08/19/2013  15:41:50  PAGE 3


  -------         PROC          _DELAY
  D:0006H         SYMBOL        i
  -------         DO            
  D:0002H         SYMBOL        x
  D:0004H         SYMBOL        j
  -------         ENDDO         
  C:0007H         LINE#         3
  C:0007H         LINE#         5
  C:0011H         LINE#         6
  C:0014H         LINE#         7
  C:001FH         LINE#         8
  C:0026H         LINE#         9
  -------         ENDPROC       _DELAY
  -------         PROC          MAIN
  C:0027H         LINE#         11
  C:0027H         LINE#         12
  C:0027H         LINE#         13
  C:002AH         LINE#         14
  C:002DH         LINE#         15
  C:0030H         LINE#         16
  C:0033H         LINE#         17
  C:0036H         LINE#         18
  C:0039H         LINE#         19
  -------         ENDPROC       MAIN
  -------         ENDMOD        MAIN

Program Size: data=9.0 xdata=0 code=90
LINK/LOCATE RUN COMPLETE.  0 WARNING(S),  0 ERROR(S)
