BL51 BANKED LINKER/LOCATER V6.22                                                        10/30/2013  19:18:10  PAGE 1


BL51 BANKED LINKER/LOCATER V6.22, INVOKED BY:
C:\KEIL\C51\BIN\BL51.EXE LCD1602.obj, main.obj TO Test RAMSIZE (256)


MEMORY MODEL: SMALL


INPUT MODULES INCLUDED:
  LCD1602.obj (LCD1602)
  main.obj (MAIN)
  C:\KEIL\C51\LIB\C51S.LIB (?C_STARTUP)
  C:\KEIL\C51\LIB\C51S.LIB (?C?CLDPTR)


LINK MAP OF MODULE:  Test (LCD1602)


            TYPE    BASE      LENGTH    RELOCATION   SEGMENT NAME
            -----------------------------------------------------

            * * * * * * *   D A T A   M E M O R Y   * * * * * * *
            REG     0000H     0008H     ABSOLUTE     "REG BANK 0"
            DATA    0008H     0005H     UNIT         _DATA_GROUP_
            DATA    000DH     0002H     UNIT         ?DT?_LCD1602SHOW?LCD1602
            IDATA   000FH     0001H     UNIT         ?STACK

            * * * * * * *   C O D E   M E M O R Y   * * * * * * *
            CODE    0000H     0003H     ABSOLUTE     
            CODE    0003H     0047H     UNIT         ?PR?_LCD1602SHOWSTRING?LCD1602
            CODE    004AH     0029H     UNIT         ?PR?_LCD1602DELAY?LCD1602
            CODE    0073H     0029H     UNIT         ?PR?_LCD1602SHOW?LCD1602
            CODE    009CH     001BH     UNIT         ?PR?INITLCD1602?LCD1602
            CODE    00B7H     0019H     UNIT         ?C?LIB_CODE
            CODE    00D0H     0011H     UNIT         ?PR?MAIN?MAIN
            CODE    00E1H     0011H     UNIT         ?CO?MAIN
            CODE    00F2H     000CH     UNIT         ?PR?_LCD1602_WRITECOMMAND?LCD1602
            CODE    00FEH     000CH     UNIT         ?C_C51STARTUP



OVERLAY MAP OF MODULE:   Test (LCD1602)


SEGMENT                                     DATA_GROUP 
  +--> CALLED SEGMENT                     START    LENGTH
---------------------------------------------------------
?C_C51STARTUP                             -----    -----
  +--> ?PR?MAIN?MAIN

?PR?MAIN?MAIN                             -----    -----
  +--> ?PR?INITLCD1602?LCD1602
  +--> ?CO?MAIN
  +--> ?PR?_LCD1602SHOWSTRING?LCD1602

?PR?INITLCD1602?LCD1602                   -----    -----
  +--> ?PR?_LCD1602_WRITECOMMAND?LCD1602

?PR?_LCD1602_WRITECOMMAND?LCD1602         -----    -----
BL51 BANKED LINKER/LOCATER V6.22                                                      10/30/2013  19:18:10  PAGE 2


  +--> ?PR?_LCD1602DELAY?LCD1602

?PR?_LCD1602SHOWSTRING?LCD1602            0008H    0005H
  +--> ?PR?_LCD1602_WRITECOMMAND?LCD1602
  +--> ?PR?_LCD1602DELAY?LCD1602



SYMBOL TABLE OF MODULE:  Test (LCD1602)

  VALUE           TYPE          NAME
  ----------------------------------

  -------         MODULE        LCD1602
  C:0000H         SYMBOL        _ICE_DUMMY_
  D:0080H         PUBLIC        P0
  D:0090H         PUBLIC        P1
  D:00B0H         PUBLIC        P3
  D:00A8H         PUBLIC        IE
  C:009CH         PUBLIC        initLcd1602
  D:00B8H         PUBLIC        IP
  C:0003H         PUBLIC        _lcd1602ShowString
  B:0090H.0       PUBLIC        lcdenable
  C:0073H         PUBLIC        _lcd1602Show
  D:0098H         PUBLIC        SCON
  D:0088H         PUBLIC        TCON
  C:00F2H         PUBLIC        _lcd1602_writeCommand
  B:0090H.2       PUBLIC        lcdRS
  B:0090H.1       PUBLIC        lcdRW
  D:00C8H         PUBLIC        T2CON
  C:0053H         PUBLIC        _lcd1602Delay
  D:00D0H         PUBLIC        PSW
  C:004AH         SYMBOL        L?0021
  -------         PROC          L?0020
  -------         ENDPROC       L?0020
  C:004AH         SYMBOL        L?0021
  -------         PROC          _LCD1602DELAY
  D:0006H         SYMBOL        i
  -------         DO            
  D:0002H         SYMBOL        x
  D:0004H         SYMBOL        j
  -------         ENDDO         
  C:0053H         LINE#         11
  C:0053H         LINE#         13
  C:005DH         LINE#         14
  C:0060H         LINE#         15
  C:006BH         LINE#         16
  C:0072H         LINE#         17
  -------         ENDPROC       _LCD1602DELAY
  -------         PROC          _LCD1602_WRITECOMMAND
  D:0007H         SYMBOL        c
  C:00F2H         LINE#         19
  C:00F2H         LINE#         21
  C:00F4H         LINE#         22
  C:00F6H         LINE#         23
  C:00F8H         LINE#         24
  C:00F8H         LINE#         26
BL51 BANKED LINKER/LOCATER V6.22                                                      10/30/2013  19:18:10  PAGE 3


  C:00F8H         LINE#         27
  C:00FBH         LINE#         28
  C:00FDH         LINE#         29
  -------         ENDPROC       _LCD1602_WRITECOMMAND
  -------         PROC          _LCD1602SHOW
  D:000DH         SYMBOL        x
  D:0001H         SYMBOL        y
  D:000EH         SYMBOL        d
  C:0073H         LINE#         31
  C:0079H         LINE#         33
  C:007CH         LINE#         34
  C:0084H         LINE#         35
  C:0087H         LINE#         36
  C:008FH         LINE#         38
  C:0091H         LINE#         39
  C:0093H         LINE#         40
  C:0096H         LINE#         41
  C:0096H         LINE#         43
  C:0096H         LINE#         44
  C:0099H         LINE#         45
  C:009BH         LINE#         46
  -------         ENDPROC       _LCD1602SHOW
  -------         PROC          INITLCD1602
  C:009CH         LINE#         49
  C:009CH         LINE#         51
  C:009EH         LINE#         52
  C:00A3H         LINE#         53
  C:00A8H         LINE#         54
  C:00ADH         LINE#         55
  C:00B2H         LINE#         56
  -------         ENDPROC       INITLCD1602
  -------         PROC          _LCD1602SHOWSTRING
  D:0008H         SYMBOL        x
  D:0009H         SYMBOL        y
  D:000AH         SYMBOL        s
  C:0003H         LINE#         59
  C:000DH         LINE#         61
  C:0011H         LINE#         62
  C:0019H         LINE#         63
  C:001EH         LINE#         64
  C:0026H         LINE#         65
  C:0031H         LINE#         66
  C:0033H         LINE#         67
  C:0035H         LINE#         68
  C:0037H         LINE#         69
  C:0037H         LINE#         71
  C:0037H         LINE#         72
  C:003AH         LINE#         73
  C:003CH         LINE#         74
  C:0047H         LINE#         75
  C:0049H         LINE#         76
  -------         ENDPROC       _LCD1602SHOWSTRING
  -------         ENDMOD        LCD1602

  -------         MODULE        MAIN
  C:0000H         SYMBOL        _ICE_DUMMY_
  C:00D0H         PUBLIC        main
BL51 BANKED LINKER/LOCATER V6.22                                                      10/30/2013  19:18:10  PAGE 4


  -------         PROC          MAIN
  C:00D0H         LINE#         3
  C:00D0H         LINE#         5
  C:00D3H         LINE#         6
  C:00DFH         LINE#         7
  -------         ENDPROC       MAIN
  -------         ENDMOD        MAIN

  -------         MODULE        ?C?CLDPTR
  C:00B7H         PUBLIC        ?C?CLDPTR
  -------         ENDMOD        ?C?CLDPTR

*** WARNING L16: UNCALLED SEGMENT, IGNORED FOR OVERLAY PROCESS
    SEGMENT: ?PR?_LCD1602SHOW?LCD1602

Program Size: data=16.0 xdata=0 code=266
LINK/LOCATE RUN COMPLETE.  1 WARNING(S),  0 ERROR(S)
