BL51 BANKED LINKER/LOCATER V6.22                                                        08/30/2013  11:55:43  PAGE 1


BL51 BANKED LINKER/LOCATER V6.22, INVOKED BY:
D:\KEIL\C51\BIN\BL51.EXE DS18B20.obj, main.obj, uart.obj TO Test RAMSIZE (256)


MEMORY MODEL: SMALL WITH FLOATING POINT ARITHMETIC


INPUT MODULES INCLUDED:
  DS18B20.obj (DS18B20)
  main.obj (MAIN)
  uart.obj (UART)
  D:\KEIL\C51\LIB\C51FPS.LIB (?C?FPADD)
  D:\KEIL\C51\LIB\C51FPS.LIB (?C?FPMUL)
  D:\KEIL\C51\LIB\C51FPS.LIB (?C?FCAST)
  D:\KEIL\C51\LIB\C51FPS.LIB (?C?CASTF)
  D:\KEIL\C51\LIB\C51FPS.LIB (?C?FPGETOPN)
  D:\KEIL\C51\LIB\C51S.LIB (?C_STARTUP)
  D:\KEIL\C51\LIB\C51S.LIB (?C?LNEG)


LINK MAP OF MODULE:  Test (DS18B20)


            TYPE    BASE      LENGTH    RELOCATION   SEGMENT NAME
            -----------------------------------------------------

            * * * * * * *   D A T A   M E M O R Y   * * * * * * *
            REG     0000H     0008H     ABSOLUTE     "REG BANK 0"
            DATA    0008H     0006H     UNIT         _DATA_GROUP_
            IDATA   000EH     0001H     UNIT         ?STACK

            * * * * * * *   C O D E   M E M O R Y   * * * * * * *
            CODE    0000H     0003H     ABSOLUTE     
            CODE    0003H     02CBH     UNIT         ?C?LIB_CODE
            CODE    02CEH     006BH     UNIT         ?PR?MAIN?MAIN
            CODE    0339H     0032H     UNIT         ?PR?READDS18B20?DS18B20
            CODE    036BH     0029H     UNIT         ?PR?GETTEMPERATUR?DS18B20
            CODE    0394H     0021H     UNIT         ?PR?_WRITEDS18B20?DS18B20
            CODE    03B5H     0020H     UNIT         ?PR?_DELAY?MAIN
            CODE    03D5H     001BH     UNIT         ?PR?INITUART?UART
            CODE    03F0H     001AH     UNIT         ?PR?RESETDS18B20?DS18B20
            CODE    040AH     000CH     UNIT         ?PR?_UARTSENDBYTE?UART
            CODE    0416H     000CH     UNIT         ?C_C51STARTUP
            CODE    0422H     0008H     UNIT         ?PR?UARTREADBYTE?UART
            CODE    042AH     0003H     UNIT         ?PR?_FLASH?DS18B20



OVERLAY MAP OF MODULE:   Test (DS18B20)


SEGMENT                             DATA_GROUP 
  +--> CALLED SEGMENT             START    LENGTH
-------------------------------------------------
?C_C51STARTUP                     -----    -----
  +--> ?PR?MAIN?MAIN

?PR?MAIN?MAIN                     0008H    0006H
BL51 BANKED LINKER/LOCATER V6.22                                                      08/30/2013  11:55:43  PAGE 2


  +--> ?PR?INITUART?UART
  +--> ?PR?GETTEMPERATUR?DS18B20
  +--> ?PR?_UARTSENDBYTE?UART
  +--> ?PR?_DELAY?MAIN

?PR?GETTEMPERATUR?DS18B20         -----    -----
  +--> ?PR?RESETDS18B20?DS18B20
  +--> ?PR?_WRITEDS18B20?DS18B20
  +--> ?PR?READDS18B20?DS18B20

?PR?RESETDS18B20?DS18B20          -----    -----
  +--> ?PR?_FLASH?DS18B20

?PR?_WRITEDS18B20?DS18B20         -----    -----
  +--> ?PR?_FLASH?DS18B20

?PR?READDS18B20?DS18B20           -----    -----
  +--> ?PR?_FLASH?DS18B20



SYMBOL TABLE OF MODULE:  Test (DS18B20)

  VALUE           TYPE          NAME
  ----------------------------------

  -------         MODULE        DS18B20
  C:0000H         SYMBOL        _ICE_DUMMY_
  D:0090H         PUBLIC        P1
  D:00A0H         PUBLIC        P2
  D:00B0H         PUBLIC        P3
  D:00A8H         PUBLIC        IE
  C:042AH         PUBLIC        _flash
  D:00B8H         PUBLIC        IP
  B:00A0H.7       PUBLIC        DS18B20_DQ
  C:03F0H         PUBLIC        ResetDS18B20
  D:0098H         PUBLIC        SCON
  D:0088H         PUBLIC        TCON
  C:0339H         PUBLIC        readDS18B20
  C:0394H         PUBLIC        _writeDS18B20
  D:00C8H         PUBLIC        T2CON
  C:036BH         PUBLIC        getTemperatur
  D:00D0H         PUBLIC        PSW
  -------         PROC          _FLASH
  D:0007H         SYMBOL        i
  C:042AH         LINE#         11
  C:042AH         LINE#         12
  C:042CH         LINE#         13
  -------         ENDPROC       _FLASH
  -------         PROC          RESETDS18B20
  C:03F0H         LINE#         15
  C:03F0H         LINE#         16
  C:03F2H         LINE#         17
  C:03F4H         LINE#         18
  C:03F9H         LINE#         19
  C:03FBH         LINE#         20
  C:0400H         LINE#         21
BL51 BANKED LINKER/LOCATER V6.22                                                      08/30/2013  11:55:43  PAGE 3


  C:0403H         LINE#         22
  C:0406H         LINE#         23
  C:0408H         LINE#         24
  C:0408H         LINE#         25
  C:0409H         LINE#         27
  -------         ENDPROC       RESETDS18B20
  -------         PROC          _WRITEDS18B20
  D:0006H         SYMBOL        d
  -------         DO            
  D:0005H         SYMBOL        i
  -------         ENDDO         
  C:0394H         LINE#         29
  C:0396H         LINE#         30
  C:0398H         LINE#         31
  C:0398H         LINE#         32
  C:0398H         LINE#         33
  C:039AH         LINE#         34
  C:039CH         LINE#         35
  C:03A1H         LINE#         36
  C:03A5H         LINE#         37
  C:03AAH         LINE#         38
  C:03ACH         LINE#         39
  C:03B0H         LINE#         40
  C:03B4H         LINE#         41
  -------         ENDPROC       _WRITEDS18B20
  -------         PROC          READDS18B20
  -------         DO            
  D:0006H         SYMBOL        i
  D:0005H         SYMBOL        d
  -------         ENDDO         
  C:0339H         LINE#         43
  C:0339H         LINE#         44
  C:033BH         LINE#         45
  C:033CH         LINE#         46
  C:033CH         LINE#         47
  C:033EH         LINE#         48
  C:0340H         LINE#         49
  C:0345H         LINE#         50
  C:0347H         LINE#         51
  C:034CH         LINE#         52
  C:034FH         LINE#         53
  C:035CH         LINE#         54
  C:035CH         LINE#         55
  C:0361H         LINE#         56
  C:0363H         LINE#         57
  C:0364H         LINE#         58
  C:0368H         LINE#         59
  C:036AH         LINE#         60
  -------         ENDPROC       READDS18B20
  -------         PROC          GETTEMPERATUR
  -------         DO            
  D:0004H         SYMBOL        tempL
  D:0007H         SYMBOL        tempH
  D:0006H         SYMBOL        temperature
  -------         ENDDO         
  C:036BH         LINE#         62
  C:036BH         LINE#         67
BL51 BANKED LINKER/LOCATER V6.22                                                      08/30/2013  11:55:43  PAGE 4


  C:036EH         LINE#         68
  C:0373H         LINE#         69
  C:0378H         LINE#         70
  C:037BH         LINE#         71
  C:0380H         LINE#         72
  C:0385H         LINE#         75
  C:038AH         LINE#         76
  C:038DH         LINE#         79
  C:038DH         LINE#         80
  C:038FH         LINE#         81
  C:0393H         LINE#         84
  C:0393H         LINE#         85
  -------         ENDPROC       GETTEMPERATUR
  -------         ENDMOD        DS18B20

  -------         MODULE        MAIN
  C:0000H         SYMBOL        _ICE_DUMMY_
  D:0090H         PUBLIC        P1
  D:00B0H         PUBLIC        P3
  D:00A8H         PUBLIC        IE
  C:03B5H         PUBLIC        _delay
  D:00B8H         PUBLIC        IP
  C:02CEH         PUBLIC        main
  D:0098H         PUBLIC        SCON
  D:0088H         PUBLIC        TCON
  D:00C8H         PUBLIC        T2CON
  D:00D0H         PUBLIC        PSW
  -------         PROC          _DELAY
  D:0006H         SYMBOL        time
  -------         DO            
  D:0004H         SYMBOL        i
  D:0002H         SYMBOL        j
  -------         ENDDO         
  C:03B5H         LINE#         6
  C:03B5H         LINE#         9
  C:03BFH         LINE#         10
  C:03C2H         LINE#         11
  C:03CDH         LINE#         12
  C:03D4H         LINE#         14
  -------         ENDPROC       _DELAY
  -------         PROC          MAIN
  -------         DO            
  D:0008H         SYMBOL        d
  D:000AH         SYMBOL        temp
  -------         ENDDO         
  C:02CEH         LINE#         16
  C:02CEH         LINE#         17
  C:02D3H         LINE#         18
  C:02DBH         LINE#         19
  C:02DEH         LINE#         21
  C:02DEH         LINE#         22
  C:02E5H         LINE#         23
  C:02FFH         LINE#         25
  C:0321H         LINE#         26
  C:0324H         LINE#         27
  C:032BH         LINE#         28
  C:0330H         LINE#         29
BL51 BANKED LINKER/LOCATER V6.22                                                      08/30/2013  11:55:43  PAGE 5


  C:0337H         LINE#         30
  -------         ENDPROC       MAIN
  -------         ENDMOD        MAIN

  -------         MODULE        UART
  C:0000H         SYMBOL        _ICE_DUMMY_
  D:0090H         PUBLIC        P1
  D:00B0H         PUBLIC        P3
  B:00A8H.7       PUBLIC        EA
  D:00A8H         PUBLIC        IE
  B:00A8H.4       PUBLIC        ES
  D:00B8H         PUBLIC        IP
  B:0098H.0       PUBLIC        RI
  B:0098H.1       PUBLIC        TI
  D:0099H         PUBLIC        SBUF
  D:0087H         PUBLIC        PCON
  C:0422H         PUBLIC        UartReadByte
  D:0098H         PUBLIC        SCON
  D:0089H         PUBLIC        TMOD
  D:0088H         PUBLIC        TCON
  C:040AH         PUBLIC        _UartSendByte
  B:00A8H.3       PUBLIC        ET1
  D:008DH         PUBLIC        TH1
  D:008BH         PUBLIC        TL1
  C:03D5H         PUBLIC        initUart
  B:0088H.6       PUBLIC        TR1
  D:00C8H         PUBLIC        T2CON
  D:00D0H         PUBLIC        PSW
  -------         PROC          INITUART
  C:03D5H         LINE#         4
  C:03D5H         LINE#         5
  C:03D8H         LINE#         6
  C:03DBH         LINE#         7
  C:03DEH         LINE#         8
  C:03E1H         LINE#         9
  C:03E4H         LINE#         10
  C:03E7H         LINE#         11
  C:03E9H         LINE#         12
  C:03EBH         LINE#         13
  C:03EDH         LINE#         14
  C:03EFH         LINE#         15
  -------         ENDPROC       INITUART
  -------         PROC          _UARTSENDBYTE
  D:0007H         SYMBOL        value
  C:040AH         LINE#         17
  C:040AH         LINE#         18
  C:040CH         LINE#         19
  C:040EH         LINE#         20
  C:0411H         LINE#         21
  C:0413H         LINE#         22
  C:0415H         LINE#         23
  -------         ENDPROC       _UARTSENDBYTE
  -------         PROC          UARTREADBYTE
  -------         DO            
  D:0007H         SYMBOL        d
  -------         ENDDO         
  C:0422H         LINE#         25
BL51 BANKED LINKER/LOCATER V6.22                                                      08/30/2013  11:55:43  PAGE 6


  C:0422H         LINE#         27
  C:0425H         LINE#         28
  C:0427H         LINE#         29
  C:0429H         LINE#         30
  C:0429H         LINE#         31
  -------         ENDPROC       UARTREADBYTE
  -------         ENDMOD        UART

  -------         MODULE        ?C?FPADD
  C:000AH         PUBLIC        ?C?FPADD
  C:0006H         PUBLIC        ?C?FPSUB
  -------         ENDMOD        ?C?FPADD

  -------         MODULE        ?C?FPMUL
  C:00FBH         PUBLIC        ?C?FPMUL
  -------         ENDMOD        ?C?FPMUL

  -------         MODULE        ?C?FCAST
  C:020BH         PUBLIC        ?C?FCASTC
  C:0206H         PUBLIC        ?C?FCASTI
  C:0201H         PUBLIC        ?C?FCASTL
  -------         ENDMOD        ?C?FCAST

  -------         MODULE        ?C?CASTF
  C:023FH         PUBLIC        ?C?CASTF
  -------         ENDMOD        ?C?CASTF

  -------         MODULE        ?C?LNEG
  C:02C0H         PUBLIC        ?C?LNEG
  -------         ENDMOD        ?C?LNEG

*** WARNING L16: UNCALLED SEGMENT, IGNORED FOR OVERLAY PROCESS
    SEGMENT: ?PR?UARTREADBYTE?UART

Program Size: data=15.0 xdata=0 code=1069
LINK/LOCATE RUN COMPLETE.  1 WARNING(S),  0 ERROR(S)
