BL51 BANKED LINKER/LOCATER V6.22                                                        04/30/2015  17:33:59  PAGE 1


BL51 BANKED LINKER/LOCATER V6.22, INVOKED BY:
E:\KEIL\C51\BIN\BL51.EXE LCD12864.obj, main.obj TO Test RAMSIZE (256)


MEMORY MODEL: SMALL


INPUT MODULES INCLUDED:
  LCD12864.obj (LCD12864)
  main.obj (MAIN)
  E:\KEIL\C51\LIB\C51S.LIB (?C_STARTUP)


LINK MAP OF MODULE:  Test (LCD12864)


            TYPE    BASE      LENGTH    RELOCATION   SEGMENT NAME
            -----------------------------------------------------

            * * * * * * *   D A T A   M E M O R Y   * * * * * * *
            REG     0000H     0008H     ABSOLUTE     "REG BANK 0"
            DATA    0008H     0001H     UNIT         _DATA_GROUP_
            IDATA   0009H     0001H     UNIT         ?STACK

            * * * * * * *   C O D E   M E M O R Y   * * * * * * *
            CODE    0000H     0003H     ABSOLUTE     
            CODE    0003H     0030H     UNIT         ?PR?_LCD12864SHOW?LCD12864
            CODE    0033H     002AH     UNIT         ?PR?_LCD12864DELAY?LCD12864
            CODE    005DH     001FH     UNIT         ?PR?MAIN?MAIN
            CODE    007CH     0014H     UNIT         ?PR?LCD12864INIT?LCD12864
            CODE    0090H     000CH     UNIT         ?C_C51STARTUP
            CODE    009CH     000AH     UNIT         ?PR?_LCD12864WRITECOMMAND?LCD12864
            CODE    00A6H     000AH     UNIT         ?PR?_LCD12864WRITEDATA?LCD12864



OVERLAY MAP OF MODULE:   Test (LCD12864)


SEGMENT                                      DATA_GROUP 
  +--> CALLED SEGMENT                      START    LENGTH
----------------------------------------------------------
?C_C51STARTUP                              -----    -----
  +--> ?PR?MAIN?MAIN

?PR?MAIN?MAIN                              -----    -----
  +--> ?PR?LCD12864INIT?LCD12864
  +--> ?PR?_LCD12864SHOW?LCD12864

?PR?LCD12864INIT?LCD12864                  -----    -----
  +--> ?PR?_LCD12864WRITECOMMAND?LCD12864

?PR?_LCD12864WRITECOMMAND?LCD12864         -----    -----
  +--> ?PR?_LCD12864DELAY?LCD12864

?PR?_LCD12864SHOW?LCD12864                 0008H    0001H
  +--> ?PR?_LCD12864WRITECOMMAND?LCD12864
  +--> ?PR?_LCD12864WRITEDATA?LCD12864
BL51 BANKED LINKER/LOCATER V6.22                                                      04/30/2015  17:33:59  PAGE 2



?PR?_LCD12864WRITEDATA?LCD12864            -----    -----
  +--> ?PR?_LCD12864DELAY?LCD12864



SYMBOL TABLE OF MODULE:  Test (LCD12864)

  VALUE           TYPE          NAME
  ----------------------------------

  -------         MODULE        LCD12864
  C:0000H         SYMBOL        _ICE_DUMMY_
  D:0080H         PUBLIC        P0
  B:0090H.0       PUBLIC        lcd12864_e
  D:0090H         PUBLIC        P1
  B:0090H.2       PUBLIC        lcd12864_rs
  D:00B0H         PUBLIC        P3
  B:0090H.1       PUBLIC        lcd12864_rw
  D:00A8H         PUBLIC        IE
  C:009CH         PUBLIC        _lcd12864WriteCommand
  D:00B8H         PUBLIC        IP
  C:003DH         PUBLIC        _lcd12864Delay
  D:0098H         PUBLIC        SCON
  D:0088H         PUBLIC        TCON
  C:00A6H         PUBLIC        _lcd12864WriteData
  C:007CH         PUBLIC        lcd12864Init
  C:0003H         PUBLIC        _lcd12864Show
  D:00C8H         PUBLIC        T2CON
  D:00D0H         PUBLIC        PSW
  -------         PROC          L?0019
  -------         ENDPROC       L?0019
  -------         PROC          _LCD12864DELAY
  D:0006H         SYMBOL        i
  -------         DO            
  D:0002H         SYMBOL        x
  D:0004H         SYMBOL        j
  -------         ENDDO         
  C:003DH         LINE#         11
  C:003DH         LINE#         15
  C:0047H         LINE#         16
  C:004AH         LINE#         17
  C:0055H         LINE#         18
  C:005CH         LINE#         19
  -------         ENDPROC       _LCD12864DELAY
  -------         PROC          _LCD12864WRITECOMMAND
  D:0007H         SYMBOL        comm
  C:009CH         LINE#         21
  C:009CH         LINE#         22
  C:009EH         LINE#         24
  C:00A0H         LINE#         25
  C:00A0H         LINE#         26
  C:00A0H         LINE#         27
  C:00A0H         LINE#         28
  C:00A3H         LINE#         30
  C:00A5H         LINE#         32
  -------         ENDPROC       _LCD12864WRITECOMMAND
BL51 BANKED LINKER/LOCATER V6.22                                                      04/30/2015  17:33:59  PAGE 3


  -------         PROC          _LCD12864WRITEDATA
  D:0007H         SYMBOL        data_
  C:00A6H         LINE#         34
  C:00A6H         LINE#         35
  C:00A8H         LINE#         37
  C:00AAH         LINE#         38
  C:00AAH         LINE#         39
  C:00AAH         LINE#         40
  C:00AAH         LINE#         41
  C:00ADH         LINE#         43
  C:00AFH         LINE#         45
  -------         ENDPROC       _LCD12864WRITEDATA
  -------         PROC          LCD12864INIT
  C:007CH         LINE#         47
  C:007CH         LINE#         48
  C:0081H         LINE#         49
  C:0086H         LINE#         50
  C:008BH         LINE#         51
  -------         ENDPROC       LCD12864INIT
  -------         PROC          _LCD12864SHOW
  D:0007H         SYMBOL        x
  D:0005H         SYMBOL        y
  D:0008H         SYMBOL        data_
  -------         DO            
  D:0001H         SYMBOL        address
  -------         ENDDO         
  C:0003H         LINE#         54
  C:0005H         LINE#         58
  C:0013H         LINE#         59
  C:0013H         LINE#         60
  C:0017H         LINE#         61
  C:0019H         LINE#         62
  C:0019H         LINE#         63
  C:001DH         LINE#         64
  C:001FH         LINE#         65
  C:001FH         LINE#         66
  C:0023H         LINE#         67
  C:0025H         LINE#         68
  C:0025H         LINE#         69
  C:0029H         LINE#         70
  C:0029H         LINE#         71
  C:0029H         LINE#         72
  C:002EH         LINE#         73
  -------         ENDPROC       _LCD12864SHOW
  -------         ENDMOD        LCD12864

  -------         MODULE        MAIN
  C:0000H         SYMBOL        _ICE_DUMMY_
  C:005DH         PUBLIC        main
  -------         PROC          MAIN
  C:005DH         LINE#         3
  C:005DH         LINE#         5
  C:0060H         LINE#         6
  C:0068H         LINE#         7
  C:0071H         LINE#         8
  C:007AH         LINE#         10
  -------         ENDPROC       MAIN
BL51 BANKED LINKER/LOCATER V6.22                                                      04/30/2015  17:33:59  PAGE 4


  -------         ENDMOD        MAIN

Program Size: data=10.0 xdata=0 code=176
LINK/LOCATE RUN COMPLETE.  0 WARNING(S),  0 ERROR(S)
