BL51 BANKED LINKER/LOCATER V6.22                                                        08/30/2013  12:22:23  PAGE 1


BL51 BANKED LINKER/LOCATER V6.22, INVOKED BY:
D:\KEIL\C51\BIN\BL51.EXE Key.obj, main.obj TO Test RAMSIZE (256)


MEMORY MODEL: SMALL


INPUT MODULES INCLUDED:
  Key.obj (KEY)
  main.obj (MAIN)
  D:\KEIL\C51\LIB\C51S.LIB (?C_STARTUP)


LINK MAP OF MODULE:  Test (KEY)


            TYPE    BASE      LENGTH    RELOCATION   SEGMENT NAME
            -----------------------------------------------------

            * * * * * * *   D A T A   M E M O R Y   * * * * * * *
            REG     0000H     0008H     ABSOLUTE     "REG BANK 0"
            IDATA   0008H     0001H     UNIT         ?STACK

            * * * * * * *   C O D E   M E M O R Y   * * * * * * *
            CODE    0000H     0003H     ABSOLUTE     
            CODE    0003H     0046H     UNIT         ?PR?GETKEY?KEY
            CODE    0049H     0020H     UNIT         ?PR?_KEYDELAY?KEY
            CODE    0069H     000CH     UNIT         ?PR?MAIN?MAIN
            CODE    0075H     000CH     UNIT         ?C_C51STARTUP



OVERLAY MAP OF MODULE:   Test (KEY)


SEGMENT
  +--> CALLED SEGMENT
---------------------
?C_C51STARTUP
  +--> ?PR?MAIN?MAIN

?PR?MAIN?MAIN
  +--> ?PR?GETKEY?KEY

?PR?GETKEY?KEY
  +--> ?PR?_KEYDELAY?KEY



SYMBOL TABLE OF MODULE:  Test (KEY)

  VALUE           TYPE          NAME
  ----------------------------------

  -------         MODULE        KEY
  C:0000H         SYMBOL        _ICE_DUMMY_
  B:00B0H.4       PUBLIC        key4
  D:0090H         PUBLIC        P1
BL51 BANKED LINKER/LOCATER V6.22                                                      08/30/2013  12:22:23  PAGE 2


  D:00B0H         PUBLIC        P3
  D:00A8H         PUBLIC        IE
  D:00B8H         PUBLIC        IP
  D:0098H         PUBLIC        SCON
  D:0088H         PUBLIC        TCON
  C:0049H         PUBLIC        _keyDelay
  D:00C8H         PUBLIC        T2CON
  C:0003H         PUBLIC        getKey
  D:00D0H         PUBLIC        PSW
  B:00B0H.7       PUBLIC        key1
  B:00B0H.6       PUBLIC        key2
  B:00B0H.5       PUBLIC        key3
  -------         PROC          _KEYDELAY
  D:0006H         SYMBOL        i
  -------         DO            
  D:0002H         SYMBOL        x
  D:0004H         SYMBOL        j
  -------         ENDDO         
  C:0049H         LINE#         8
  C:0049H         LINE#         10
  C:0053H         LINE#         11
  C:0056H         LINE#         12
  C:0061H         LINE#         13
  C:0068H         LINE#         14
  -------         ENDPROC       _KEYDELAY
  -------         PROC          GETKEY
  C:0003H         LINE#         16
  C:0003H         LINE#         17
  C:000FH         LINE#         18
  C:0016H         LINE#         19
  C:0022H         LINE#         20
  C:0025H         LINE#         21
  C:0028H         LINE#         22
  C:002BH         LINE#         23
  C:002BH         LINE#         24
  C:002EH         LINE#         25
  C:0031H         LINE#         26
  C:0034H         LINE#         27
  C:0034H         LINE#         28
  C:0037H         LINE#         29
  C:003AH         LINE#         30
  C:003DH         LINE#         31
  C:003DH         LINE#         32
  C:0040H         LINE#         33
  C:0043H         LINE#         34
  C:0046H         LINE#         35
  C:0046H         LINE#         36
  C:0046H         LINE#         37
  C:0046H         LINE#         38
  C:0048H         LINE#         39
  -------         ENDPROC       GETKEY
  -------         ENDMOD        KEY

  -------         MODULE        MAIN
  C:0000H         SYMBOL        _ICE_DUMMY_
  D:0080H         PUBLIC        P0
  D:0090H         PUBLIC        P1
BL51 BANKED LINKER/LOCATER V6.22                                                      08/30/2013  12:22:23  PAGE 3


  D:00B0H         PUBLIC        P3
  D:00A8H         PUBLIC        IE
  D:00B8H         PUBLIC        IP
  C:0069H         PUBLIC        main
  D:0098H         PUBLIC        SCON
  D:0088H         PUBLIC        TCON
  D:00C8H         PUBLIC        T2CON
  D:00D0H         PUBLIC        PSW
  -------         PROC          MAIN
  -------         DO            
  D:0007H         SYMBOL        k
  -------         ENDDO         
  C:0069H         LINE#         4
  C:0069H         LINE#         5
  C:006BH         LINE#         6
  C:006BH         LINE#         7
  C:006EH         LINE#         8
  C:0071H         LINE#         9
  C:0073H         LINE#         10
  C:0073H         LINE#         11
  -------         ENDPROC       MAIN
  -------         ENDMOD        MAIN

Program Size: data=9.0 xdata=0 code=129
LINK/LOCATE RUN COMPLETE.  0 WARNING(S),  0 ERROR(S)
