BL51 BANKED LINKER/LOCATER V6.22                                                        08/30/2013  12:17:00  PAGE 1


BL51 BANKED LINKER/LOCATER V6.22, INVOKED BY:
D:\KEIL\C51\BIN\BL51.EXE IR.obj, main.obj, uart.obj TO Test RAMSIZE (256)


MEMORY MODEL: SMALL


INPUT MODULES INCLUDED:
  IR.obj (IR)
  main.obj (MAIN)
  uart.obj (UART)
  D:\KEIL\C51\LIB\C51S.LIB (?C_STARTUP)


LINK MAP OF MODULE:  Test (IR)


            TYPE    BASE      LENGTH    RELOCATION   SEGMENT NAME
            -----------------------------------------------------

            * * * * * * *   D A T A   M E M O R Y   * * * * * * *
            REG     0000H     0008H     ABSOLUTE     "REG BANK 0"
            DATA    0008H     0004H     UNIT         ?DT?MAIN
            DATA    000CH     0002H     UNIT         _DATA_GROUP_
            IDATA   000EH     0001H     UNIT         ?STACK

            * * * * * * *   C O D E   M E M O R Y   * * * * * * *
            CODE    0000H     0003H     ABSOLUTE     
            CODE    0003H     000CH     UNIT         ?PR?_UARTSENDBYTE?UART
                    000FH     0004H                  *** GAP ***
            CODE    0013H     0003H     ABSOLUTE     
            CODE    0016H     00BBH     UNIT         ?PR?IRHANDLE?MAIN
            CODE    00D1H     001BH     UNIT         ?PR?INITUART?UART
            CODE    00ECH     0012H     UNIT         ?PR?_DELAY_IR?MAIN
            CODE    00FEH     000CH     UNIT         ?C_C51STARTUP
            CODE    010AH     0008H     UNIT         ?PR?MAIN?MAIN
            CODE    0112H     0008H     UNIT         ?PR?UARTREADBYTE?UART
            CODE    011AH     0007H     UNIT         ?PR?INITIR?IR



OVERLAY MAP OF MODULE:   Test (IR)


SEGMENT                          DATA_GROUP 
  +--> CALLED SEGMENT          START    LENGTH
----------------------------------------------
?PR?IRHANDLE?MAIN              000CH    0002H
  +--> ?PR?_DELAY_IR?MAIN
  +--> ?PR?_UARTSENDBYTE?UART

*** NEW ROOT ***************************************************

?C_C51STARTUP                  -----    -----
  +--> ?PR?MAIN?MAIN

?PR?MAIN?MAIN                  -----    -----
  +--> ?PR?INITIR?IR
BL51 BANKED LINKER/LOCATER V6.22                                                      08/30/2013  12:17:00  PAGE 2


  +--> ?PR?INITUART?UART



SYMBOL TABLE OF MODULE:  Test (IR)

  VALUE           TYPE          NAME
  ----------------------------------

  -------         MODULE        IR
  C:0000H         SYMBOL        _ICE_DUMMY_
  D:0090H         PUBLIC        P1
  D:00B0H         PUBLIC        P3
  B:00A8H.7       PUBLIC        EA
  D:00A8H         PUBLIC        IE
  D:00B8H         PUBLIC        IP
  D:0098H         PUBLIC        SCON
  D:0088H         PUBLIC        TCON
  B:0088H.0       PUBLIC        IT0
  B:00A8H.2       PUBLIC        EX1
  C:011AH         PUBLIC        initIR
  D:00C8H         PUBLIC        T2CON
  D:00D0H         PUBLIC        PSW
  -------         PROC          INITIR
  C:011AH         LINE#         5
  C:011AH         LINE#         6
  C:011CH         LINE#         7
  C:011EH         LINE#         8
  C:0120H         LINE#         9
  -------         ENDPROC       INITIR
  -------         ENDMOD        IR

  -------         MODULE        MAIN
  C:0000H         SYMBOL        _ICE_DUMMY_
  D:0090H         PUBLIC        P1
  D:00B0H         PUBLIC        P3
  C:00ECH         PUBLIC        _delay_IR
  D:00A8H         PUBLIC        IE
  D:00B8H         PUBLIC        IP
  D:0008H         PUBLIC        readData
  B:00B0H.3       PUBLIC        IR
  C:010AH         PUBLIC        main
  D:0098H         PUBLIC        SCON
  D:0088H         PUBLIC        TCON
  B:00A8H.2       PUBLIC        EX1
  D:00C8H         PUBLIC        T2CON
  C:0016H         PUBLIC        IRHandle
  D:00D0H         PUBLIC        PSW
  -------         PROC          MAIN
  C:010AH         LINE#         7
  C:010AH         LINE#         9
  C:010DH         LINE#         10
  C:0110H         LINE#         11
  C:0110H         LINE#         13
  -------         ENDPROC       MAIN
  -------         PROC          _DELAY_IR
  D:0007H         SYMBOL        x
BL51 BANKED LINKER/LOCATER V6.22                                                      08/30/2013  12:17:00  PAGE 3


  -------         DO            
  D:0006H         SYMBOL        i
  -------         ENDDO         
  C:00ECH         LINE#         16
  C:00ECH         LINE#         18
  C:00F2H         LINE#         19
  C:00FDH         LINE#         20
  C:00FDH         LINE#         21
  -------         ENDPROC       _DELAY_IR
  -------         PROC          IRHANDLE
  -------         DO            
  D:0004H         SYMBOL        j
  D:000CH         SYMBOL        k
  D:000DH         SYMBOL        N
  -------         ENDDO         
  C:0016H         LINE#         24
  C:0033H         LINE#         26
  C:0036H         LINE#         28
  C:0038H         LINE#         29
  C:003DH         LINE#         31
  C:0040H         LINE#         32
  C:0044H         LINE#         34
  C:0044H         LINE#         36
  C:0047H         LINE#         37
  C:004CH         LINE#         38
  C:004EH         LINE#         40
  C:0050H         LINE#         41
  C:0053H         LINE#         42
  C:0056H         LINE#         43
  C:005BH         LINE#         44
  C:005DH         LINE#         45
  C:0060H         LINE#         46
  C:0065H         LINE#         47
  C:0067H         LINE#         48
  C:006AH         LINE#         49
  C:006FH         LINE#         50
  C:0071H         LINE#         51
  C:0078H         LINE#         52
  C:007CH         LINE#         54
  C:007CH         LINE#         55
  C:007CH         LINE#         57
  C:0088H         LINE#         58
  C:008FH         LINE#         59
  C:0097H         LINE#         60
  C:0097H         LINE#         61
  C:009AH         LINE#         62
  C:00A3H         LINE#         63
  C:00A9H         LINE#         65
  C:00AFH         LINE#         67
  C:00B4H         LINE#         68
  C:00B4H         LINE#         69
  C:00B6H         LINE#         70
  -------         ENDPROC       IRHANDLE
  -------         ENDMOD        MAIN

  -------         MODULE        UART
  C:0000H         SYMBOL        _ICE_DUMMY_
BL51 BANKED LINKER/LOCATER V6.22                                                      08/30/2013  12:17:00  PAGE 4


  D:0090H         PUBLIC        P1
  D:00B0H         PUBLIC        P3
  B:00A8H.7       PUBLIC        EA
  D:00A8H         PUBLIC        IE
  B:00A8H.4       PUBLIC        ES
  D:00B8H         PUBLIC        IP
  B:0098H.0       PUBLIC        RI
  B:0098H.1       PUBLIC        TI
  D:0099H         PUBLIC        SBUF
  D:0087H         PUBLIC        PCON
  C:0112H         PUBLIC        UartReadByte
  D:0098H         PUBLIC        SCON
  D:0089H         PUBLIC        TMOD
  D:0088H         PUBLIC        TCON
  C:0003H         PUBLIC        _UartSendByte
  B:00A8H.3       PUBLIC        ET1
  D:008DH         PUBLIC        TH1
  D:008BH         PUBLIC        TL1
  C:00D1H         PUBLIC        initUart
  B:0088H.6       PUBLIC        TR1
  D:00C8H         PUBLIC        T2CON
  D:00D0H         PUBLIC        PSW
  -------         PROC          INITUART
  C:00D1H         LINE#         4
  C:00D1H         LINE#         5
  C:00D4H         LINE#         6
  C:00D7H         LINE#         7
  C:00DAH         LINE#         8
  C:00DDH         LINE#         9
  C:00E0H         LINE#         10
  C:00E3H         LINE#         11
  C:00E5H         LINE#         12
  C:00E7H         LINE#         13
  C:00E9H         LINE#         14
  C:00EBH         LINE#         15
  -------         ENDPROC       INITUART
  -------         PROC          _UARTSENDBYTE
  D:0007H         SYMBOL        value
  C:0003H         LINE#         17
  C:0003H         LINE#         18
  C:0005H         LINE#         19
  C:0007H         LINE#         20
  C:000AH         LINE#         21
  C:000CH         LINE#         22
  C:000EH         LINE#         23
  -------         ENDPROC       _UARTSENDBYTE
  -------         PROC          UARTREADBYTE
  -------         DO            
  D:0007H         SYMBOL        d
  -------         ENDDO         
  C:0112H         LINE#         25
  C:0112H         LINE#         27
  C:0115H         LINE#         28
  C:0117H         LINE#         29
  C:0119H         LINE#         30
  C:0119H         LINE#         31
  -------         ENDPROC       UARTREADBYTE
BL51 BANKED LINKER/LOCATER V6.22                                                      08/30/2013  12:17:00  PAGE 5


  -------         ENDMOD        UART

*** WARNING L16: UNCALLED SEGMENT, IGNORED FOR OVERLAY PROCESS
    SEGMENT: ?PR?UARTREADBYTE?UART

Program Size: data=15.0 xdata=0 code=285
LINK/LOCATE RUN COMPLETE.  1 WARNING(S),  0 ERROR(S)
