BL51 BANKED LINKER/LOCATER V6.22                                                        08/30/2013  12:19:50  PAGE 1


BL51 BANKED LINKER/LOCATER V6.22, INVOKED BY:
D:\KEIL\C51\BIN\BL51.EXE DS1302.obj, LCD1602.obj, main.obj, uart.obj TO Test RAMSIZE (256)


MEMORY MODEL: SMALL


INPUT MODULES INCLUDED:
  DS1302.obj (DS1302)
  LCD1602.obj (LCD1602)
  main.obj (MAIN)
  uart.obj (UART)
  D:\KEIL\C51\LIB\C51S.LIB (?C_STARTUP)
  D:\KEIL\C51\LIB\C51S.LIB (?C?SCDIV)
  D:\KEIL\C51\LIB\C51S.LIB (?C?CLDPTR)
  D:\KEIL\C51\LIB\C51S.LIB (?C?CSTPTR)
  D:\KEIL\C51\LIB\C51S.LIB (?C_INIT)


LINK MAP OF MODULE:  Test (DS1302)


            TYPE    BASE      LENGTH    RELOCATION   SEGMENT NAME
            -----------------------------------------------------

            * * * * * * *   D A T A   M E M O R Y   * * * * * * *
            REG     0000H     0008H     ABSOLUTE     "REG BANK 0"
            DATA    0008H     001BH     UNIT         ?DT?MAIN
            DATA    0023H     0005H     UNIT         _DATA_GROUP_
            IDATA   0028H     0001H     UNIT         ?STACK

            * * * * * * *   C O D E   M E M O R Y   * * * * * * *
            CODE    0000H     0003H     ABSOLUTE     
            CODE    0003H     014CH     UNIT         ?PR?MAIN?MAIN
            CODE    014FH     008CH     UNIT         ?C_C51STARTUP
            CODE    01DBH     0052H     UNIT         ?PR?_DS1302SETTIME?DS1302
            CODE    022DH     004DH     UNIT         ?C?LIB_CODE
            CODE    027AH     0044H     UNIT         ?PR?_DS1302GETTIME?DS1302
            CODE    02BEH     0042H     UNIT         ?PR?DS1302INIT?DS1302
            CODE    0300H     0029H     UNIT         ?PR?_LCD1602DELAY?LCD1602
            CODE    0329H     0029H     UNIT         ?PR?_LCD1602SHOW?LCD1602
            CODE    0352H     0022H     UNIT         ?C_INITSEG
            CODE    0374H     0020H     UNIT         ?PR?_WRITE1BYTE?DS1302
            CODE    0394H     0020H     UNIT         ?PR?_DELAY?MAIN
            CODE    03B4H     001CH     UNIT         ?PR?READDS1302?DS1302
            CODE    03D0H     001BH     UNIT         ?PR?INITLCD1602?LCD1602
            CODE    03EBH     001BH     UNIT         ?PR?INITUART?UART
            CODE    0406H     000FH     UNIT         ?PR?_WIRTEDATA?DS1302
            CODE    0415H     000CH     UNIT         ?PR?_LCD1602_WRITECOMMAND?LCD1602
            CODE    0421H     000CH     UNIT         ?PR?_UARTSENDBYTE?UART
            CODE    042DH     000BH     UNIT         ?PR?_READDATA?DS1302
            CODE    0438H     000BH     UNIT         ?CO?MAIN
            CODE    0443H     0008H     UNIT         ?PR?UARTREADBYTE?UART



OVERLAY MAP OF MODULE:   Test (DS1302)

BL51 BANKED LINKER/LOCATER V6.22                                                      08/30/2013  12:19:50  PAGE 2



SEGMENT                                     DATA_GROUP 
  +--> CALLED SEGMENT                     START    LENGTH
---------------------------------------------------------
?C_C51STARTUP                             -----    -----
  +--> ?PR?MAIN?MAIN
  +--> ?C_INITSEG

?PR?MAIN?MAIN                             0023H    0001H
  +--> ?PR?DS1302INIT?DS1302
  +--> ?PR?INITLCD1602?LCD1602
  +--> ?PR?INITUART?UART
  +--> ?PR?_DS1302SETTIME?DS1302
  +--> ?PR?_LCD1602SHOW?LCD1602
  +--> ?PR?_DS1302GETTIME?DS1302
  +--> ?CO?MAIN
  +--> ?PR?_UARTSENDBYTE?UART
  +--> ?PR?_DELAY?MAIN

?PR?DS1302INIT?DS1302                     -----    -----
  +--> ?PR?_WIRTEDATA?DS1302

?PR?_WIRTEDATA?DS1302                     -----    -----
  +--> ?PR?_WRITE1BYTE?DS1302

?PR?INITLCD1602?LCD1602                   -----    -----
  +--> ?PR?_LCD1602_WRITECOMMAND?LCD1602

?PR?_LCD1602_WRITECOMMAND?LCD1602         -----    -----
  +--> ?PR?_LCD1602DELAY?LCD1602

?PR?_DS1302SETTIME?DS1302                 0024H    0004H
  +--> ?PR?_WIRTEDATA?DS1302

?PR?_LCD1602SHOW?LCD1602                  0024H    0002H
  +--> ?PR?_LCD1602_WRITECOMMAND?LCD1602
  +--> ?PR?_LCD1602DELAY?LCD1602

?PR?_DS1302GETTIME?DS1302                 0024H    0003H
  +--> ?PR?_READDATA?DS1302

?PR?_READDATA?DS1302                      -----    -----
  +--> ?PR?_WRITE1BYTE?DS1302
  +--> ?PR?READDS1302?DS1302



SYMBOL TABLE OF MODULE:  Test (DS1302)

  VALUE           TYPE          NAME
  ----------------------------------

  -------         MODULE        DS1302
  C:0000H         SYMBOL        _ICE_DUMMY_
  D:0090H         PUBLIC        P1
  D:00A0H         PUBLIC        P2
  D:00B0H         PUBLIC        P3
BL51 BANKED LINKER/LOCATER V6.22                                                      08/30/2013  12:19:50  PAGE 3


  D:00A8H         PUBLIC        IE
  C:027AH         PUBLIC        _DS1302GetTime
  D:00B8H         PUBLIC        IP
  C:042DH         PUBLIC        _readData
  C:01DBH         PUBLIC        _DS1302SetTime
  C:0406H         PUBLIC        _wirteData
  D:0098H         PUBLIC        SCON
  D:0088H         PUBLIC        TCON
  B:00A0H.0       PUBLIC        DS1302_RST
  B:00A0H.1       PUBLIC        DS1302_IO
  D:00C8H         PUBLIC        T2CON
  B:00A0H.2       PUBLIC        DS1302_SCLK
  C:02BEH         PUBLIC        DS1302Init
  C:037AH         PUBLIC        _write1Byte
  D:00D0H         PUBLIC        PSW
  C:03B4H         PUBLIC        readDS1302
  -------         PROC          L?0024
  -------         ENDPROC       L?0024
  -------         PROC          _WRITE1BYTE
  D:0007H         SYMBOL        address
  -------         DO            
  D:0002H         SYMBOL        i
  -------         ENDDO         
  C:037AH         LINE#         10
  C:037AH         LINE#         12
  C:037EH         LINE#         13
  C:0382H         LINE#         14
  C:0384H         LINE#         15
  C:0386H         LINE#         16
  C:038AH         LINE#         17
  C:0393H         LINE#         18
  -------         ENDPROC       _WRITE1BYTE
  -------         PROC          READDS1302
  -------         DO            
  D:0006H         SYMBOL        i
  D:0007H         SYMBOL        da
  -------         ENDDO         
  C:03B4H         LINE#         20
  C:03B4H         LINE#         22
  C:03B6H         LINE#         24
  C:03B7H         LINE#         25
  C:03B9H         LINE#         26
  C:03BCH         LINE#         27
  C:03C9H         LINE#         28
  C:03CBH         LINE#         29
  C:03CFH         LINE#         30
  C:03CFH         LINE#         31
  -------         ENDPROC       READDS1302
  -------         PROC          _WIRTEDATA
  D:0007H         SYMBOL        address
  D:0006H         SYMBOL        value
  C:0406H         LINE#         33
  C:0408H         LINE#         34
  C:0408H         LINE#         35
  C:0408H         LINE#         36
  C:0408H         LINE#         37
  C:040BH         LINE#         38
BL51 BANKED LINKER/LOCATER V6.22                                                      08/30/2013  12:19:50  PAGE 4


  C:0410H         LINE#         39
  C:0412H         LINE#         40
  C:0414H         LINE#         41
  -------         ENDPROC       _WIRTEDATA
  -------         PROC          _READDATA
  D:0007H         SYMBOL        address
  -------         DO            
  D:0007H         SYMBOL        data_
  -------         ENDDO         
  C:042DH         LINE#         43
  C:042DH         LINE#         45
  C:042DH         LINE#         46
  C:042DH         LINE#         47
  C:042DH         LINE#         48
  C:0430H         LINE#         49
  C:0433H         LINE#         50
  C:0435H         LINE#         51
  C:0437H         LINE#         55
  C:0437H         LINE#         56
  -------         ENDPROC       _READDATA
  -------         PROC          DS1302INIT
  C:02BEH         LINE#         58
  C:02BEH         LINE#         59
  C:02C5H         LINE#         60
  C:02CAH         LINE#         63
  C:02CFH         LINE#         64
  C:02D6H         LINE#         65
  C:02DDH         LINE#         66
  C:02E4H         LINE#         67
  C:02EBH         LINE#         68
  C:02F2H         LINE#         70
  C:02F9H         LINE#         72
  -------         ENDPROC       DS1302INIT
  -------         PROC          _DS1302SETTIME
  D:0024H         SYMBOL        time
  -------         DO            
  D:0004H         SYMBOL        i
  D:0001H         SYMBOL        t
  D:0027H         SYMBOL        address
  -------         ENDDO         
  C:01DBH         LINE#         75
  C:01E1H         LINE#         78
  C:01E4H         LINE#         80
  C:01EBH         LINE#         82
  C:01EDH         LINE#         83
  C:01F7H         LINE#         84
  C:020DH         LINE#         85
  C:0213H         LINE#         86
  C:021EH         LINE#         87
  C:0222H         LINE#         88
  C:0226H         LINE#         89
  -------         ENDPROC       _DS1302SETTIME
  -------         PROC          _DS1302GETTIME
  D:0024H         SYMBOL        time
  -------         DO            
  D:0004H         SYMBOL        i
  D:0005H         SYMBOL        address
BL51 BANKED LINKER/LOCATER V6.22                                                      08/30/2013  12:19:50  PAGE 5


  -------         ENDDO         
  C:027AH         LINE#         92
  C:0280H         LINE#         94
  C:0282H         LINE#         96
  C:0284H         LINE#         97
  C:0293H         LINE#         98
  C:02ACH         LINE#         99
  C:02B7H         LINE#         100
  C:02B9H         LINE#         101
  C:02BDH         LINE#         102
  -------         ENDPROC       _DS1302GETTIME
  -------         ENDMOD        DS1302

  -------         MODULE        LCD1602
  C:0000H         SYMBOL        _ICE_DUMMY_
  D:0080H         PUBLIC        P0
  D:0090H         PUBLIC        P1
  D:00B0H         PUBLIC        P3
  D:00A8H         PUBLIC        IE
  C:03D0H         PUBLIC        initLcd1602
  D:00B8H         PUBLIC        IP
  B:0090H.0       PUBLIC        lcdenable
  C:0329H         PUBLIC        _lcd1602Show
  D:0098H         PUBLIC        SCON
  D:0088H         PUBLIC        TCON
  C:0415H         PUBLIC        _lcd1602_writeCommand
  B:0090H.2       PUBLIC        lcdRS
  B:0090H.1       PUBLIC        lcdRW
  D:00C8H         PUBLIC        T2CON
  C:0309H         PUBLIC        _lcd1602Delay
  D:00D0H         PUBLIC        PSW
  -------         PROC          L?0015
  -------         ENDPROC       L?0015
  -------         PROC          _LCD1602DELAY
  D:0006H         SYMBOL        i
  -------         DO            
  D:0002H         SYMBOL        x
  D:0004H         SYMBOL        j
  -------         ENDDO         
  C:0309H         LINE#         11
  C:0309H         LINE#         13
  C:0313H         LINE#         14
  C:0316H         LINE#         15
  C:0321H         LINE#         16
  C:0328H         LINE#         17
  -------         ENDPROC       _LCD1602DELAY
  -------         PROC          _LCD1602_WRITECOMMAND
  D:0007H         SYMBOL        c
  C:0415H         LINE#         19
  C:0415H         LINE#         21
  C:0417H         LINE#         22
  C:0419H         LINE#         23
  C:041BH         LINE#         24
  C:041BH         LINE#         26
  C:041BH         LINE#         27
  C:041EH         LINE#         28
  C:0420H         LINE#         29
BL51 BANKED LINKER/LOCATER V6.22                                                      08/30/2013  12:19:50  PAGE 6


  -------         ENDPROC       _LCD1602_WRITECOMMAND
  -------         PROC          _LCD1602SHOW
  D:0024H         SYMBOL        x
  D:0001H         SYMBOL        y
  D:0025H         SYMBOL        d
  C:0329H         LINE#         31
  C:032FH         LINE#         33
  C:0332H         LINE#         34
  C:033AH         LINE#         35
  C:033DH         LINE#         36
  C:0345H         LINE#         38
  C:0347H         LINE#         39
  C:0349H         LINE#         40
  C:034CH         LINE#         41
  C:034CH         LINE#         43
  C:034CH         LINE#         44
  C:034FH         LINE#         45
  C:0351H         LINE#         46
  -------         ENDPROC       _LCD1602SHOW
  -------         PROC          INITLCD1602
  C:03D0H         LINE#         49
  C:03D0H         LINE#         51
  C:03D2H         LINE#         52
  C:03D7H         LINE#         53
  C:03DCH         LINE#         54
  C:03E1H         LINE#         55
  C:03E6H         LINE#         56
  -------         ENDPROC       INITLCD1602
  -------         ENDMOD        LCD1602

  -------         MODULE        MAIN
  C:0000H         SYMBOL        _ICE_DUMMY_
  D:0090H         PUBLIC        P1
  D:00B0H         PUBLIC        P3
  D:00A8H         PUBLIC        IE
  C:0394H         PUBLIC        _delay
  D:00B8H         PUBLIC        IP
  C:0003H         PUBLIC        main
  D:0008H         PUBLIC        time
  D:0098H         PUBLIC        SCON
  D:0088H         PUBLIC        TCON
  C:0438H         PUBLIC        num
  D:00C8H         PUBLIC        T2CON
  D:000FH         PUBLIC        t
  D:0018H         PUBLIC        y
  D:00D0H         PUBLIC        PSW
  -------         PROC          _DELAY
  D:0006H         SYMBOL        i
  -------         DO            
  D:0002H         SYMBOL        x
  D:0004H         SYMBOL        j
  -------         ENDDO         
  C:0394H         LINE#         18
  C:0394H         LINE#         20
  C:039EH         LINE#         21
  C:03A1H         LINE#         22
  C:03ACH         LINE#         23
BL51 BANKED LINKER/LOCATER V6.22                                                      08/30/2013  12:19:50  PAGE 7


  C:03B3H         LINE#         24
  -------         ENDPROC       _DELAY
  -------         PROC          MAIN
  -------         DO            
  D:0023H         SYMBOL        i
  -------         ENDDO         
  C:0003H         LINE#         26
  C:0003H         LINE#         29
  C:0006H         LINE#         30
  C:0009H         LINE#         31
  C:000CH         LINE#         33
  C:0015H         LINE#         35
  C:0018H         LINE#         36
  C:0026H         LINE#         37
  C:002FH         LINE#         39
  C:0032H         LINE#         40
  C:0040H         LINE#         41
  C:0049H         LINE#         43
  C:0049H         LINE#         44
  C:0052H         LINE#         46
  C:0066H         LINE#         47
  C:0078H         LINE#         48
  C:008CH         LINE#         49
  C:009EH         LINE#         50
  C:00B2H         LINE#         51
  C:00C4H         LINE#         53
  C:00D8H         LINE#         54
  C:00EAH         LINE#         55
  C:00FEH         LINE#         56
  C:0110H         LINE#         57
  C:0124H         LINE#         58
  C:0136H         LINE#         60
  C:013BH         LINE#         61
  C:0140H         LINE#         62
  C:0145H         LINE#         63
  C:014CH         LINE#         64
  -------         ENDPROC       MAIN
  -------         ENDMOD        MAIN

  -------         MODULE        UART
  C:0000H         SYMBOL        _ICE_DUMMY_
  D:0090H         PUBLIC        P1
  D:00B0H         PUBLIC        P3
  B:00A8H.7       PUBLIC        EA
  D:00A8H         PUBLIC        IE
  B:00A8H.4       PUBLIC        ES
  D:00B8H         PUBLIC        IP
  B:0098H.0       PUBLIC        RI
  B:0098H.1       PUBLIC        TI
  D:0099H         PUBLIC        SBUF
  D:0087H         PUBLIC        PCON
  C:0443H         PUBLIC        UartReadByte
  D:0098H         PUBLIC        SCON
  D:0089H         PUBLIC        TMOD
  D:0088H         PUBLIC        TCON
  C:0421H         PUBLIC        _UartSendByte
  B:00A8H.3       PUBLIC        ET1
BL51 BANKED LINKER/LOCATER V6.22                                                      08/30/2013  12:19:50  PAGE 8


  D:008DH         PUBLIC        TH1
  D:008BH         PUBLIC        TL1
  C:03EBH         PUBLIC        initUart
  B:0088H.6       PUBLIC        TR1
  D:00C8H         PUBLIC        T2CON
  D:00D0H         PUBLIC        PSW
  -------         PROC          INITUART
  C:03EBH         LINE#         4
  C:03EBH         LINE#         5
  C:03EEH         LINE#         6
  C:03F1H         LINE#         7
  C:03F4H         LINE#         8
  C:03F7H         LINE#         9
  C:03FAH         LINE#         10
  C:03FDH         LINE#         11
  C:03FFH         LINE#         12
  C:0401H         LINE#         13
  C:0403H         LINE#         14
  C:0405H         LINE#         15
  -------         ENDPROC       INITUART
  -------         PROC          _UARTSENDBYTE
  D:0007H         SYMBOL        value
  C:0421H         LINE#         17
  C:0421H         LINE#         18
  C:0423H         LINE#         19
  C:0425H         LINE#         20
  C:0428H         LINE#         21
  C:042AH         LINE#         22
  C:042CH         LINE#         23
  -------         ENDPROC       _UARTSENDBYTE
  -------         PROC          UARTREADBYTE
  -------         DO            
  D:0007H         SYMBOL        d
  -------         ENDDO         
  C:0443H         LINE#         25
  C:0443H         LINE#         27
  C:0446H         LINE#         28
  C:0448H         LINE#         29
  C:044AH         LINE#         30
  C:044AH         LINE#         31
  -------         ENDPROC       UARTREADBYTE
  -------         ENDMOD        UART

  -------         MODULE        ?C?SCDIV
  C:022DH         PUBLIC        ?C?SCDIV
  -------         ENDMOD        ?C?SCDIV

  -------         MODULE        ?C?CLDPTR
  C:024FH         PUBLIC        ?C?CLDPTR
  -------         ENDMOD        ?C?CLDPTR

  -------         MODULE        ?C?CSTPTR
  C:0268H         PUBLIC        ?C?CSTPTR
  -------         ENDMOD        ?C?CSTPTR

*** WARNING L16: UNCALLED SEGMENT, IGNORED FOR OVERLAY PROCESS
    SEGMENT: ?PR?UARTREADBYTE?UART
BL51 BANKED LINKER/LOCATER V6.22                                                      08/30/2013  12:19:50  PAGE 9



Program Size: data=41.0 xdata=0 code=1099
LINK/LOCATE RUN COMPLETE.  1 WARNING(S),  0 ERROR(S)
