BL51 BANKED LINKER/LOCATER V6.22                                                        10/30/2013  18:58:28  PAGE 1


BL51 BANKED LINKER/LOCATER V6.22, INVOKED BY:
D:\KEIL\C51\BIN\BL51.EXE LCD1602.obj, main.obj TO Test RAMSIZE (256)


MEMORY MODEL: SMALL


INPUT MODULES INCLUDED:
  LCD1602.obj (LCD1602)
  main.obj (MAIN)
  D:\KEIL\C51\LIB\C51S.LIB (?C_STARTUP)


LINK MAP OF MODULE:  Test (LCD1602)


            TYPE    BASE      LENGTH    RELOCATION   SEGMENT NAME
            -----------------------------------------------------

            * * * * * * *   D A T A   M E M O R Y   * * * * * * *
            REG     0000H     0008H     ABSOLUTE     "REG BANK 0"
            DATA    0008H     0002H     UNIT         _DATA_GROUP_
            IDATA   000AH     0001H     UNIT         ?STACK

            * * * * * * *   C O D E   M E M O R Y   * * * * * * *
            CODE    0000H     0003H     ABSOLUTE     
            CODE    0003H     0029H     UNIT         ?PR?_LCD1602DELAY?LCD1602
            CODE    002CH     0029H     UNIT         ?PR?_LCD1602SHOW?LCD1602
            CODE    0055H     001BH     UNIT         ?PR?INITLCD1602?LCD1602
            CODE    0070H     000DH     UNIT         ?PR?MAIN?MAIN
            CODE    007DH     000CH     UNIT         ?PR?_LCD1602_WRITECOMMAND?LCD1602
            CODE    0089H     000CH     UNIT         ?C_C51STARTUP



OVERLAY MAP OF MODULE:   Test (LCD1602)


SEGMENT                                     DATA_GROUP 
  +--> CALLED SEGMENT                     START    LENGTH
---------------------------------------------------------
?C_C51STARTUP                             -----    -----
  +--> ?PR?MAIN?MAIN

?PR?MAIN?MAIN                             -----    -----
  +--> ?PR?INITLCD1602?LCD1602
  +--> ?PR?_LCD1602SHOW?LCD1602

?PR?INITLCD1602?LCD1602                   -----    -----
  +--> ?PR?_LCD1602_WRITECOMMAND?LCD1602

?PR?_LCD1602_WRITECOMMAND?LCD1602         -----    -----
  +--> ?PR?_LCD1602DELAY?LCD1602

?PR?_LCD1602SHOW?LCD1602                  0008H    0002H
  +--> ?PR?_LCD1602_WRITECOMMAND?LCD1602
  +--> ?PR?_LCD1602DELAY?LCD1602

BL51 BANKED LINKER/LOCATER V6.22                                                      10/30/2013  18:58:28  PAGE 2




SYMBOL TABLE OF MODULE:  Test (LCD1602)

  VALUE           TYPE          NAME
  ----------------------------------

  -------         MODULE        LCD1602
  C:0000H         SYMBOL        _ICE_DUMMY_
  D:0080H         PUBLIC        P0
  D:0090H         PUBLIC        P1
  D:00B0H         PUBLIC        P3
  D:00A8H         PUBLIC        IE
  C:0055H         PUBLIC        initLcd1602
  D:00B8H         PUBLIC        IP
  B:0090H.0       PUBLIC        lcdenable
  C:002CH         PUBLIC        _lcd1602Show
  D:0098H         PUBLIC        SCON
  D:0088H         PUBLIC        TCON
  C:007DH         PUBLIC        _lcd1602_writeCommand
  B:0090H.2       PUBLIC        lcdRS
  B:0090H.1       PUBLIC        lcdRW
  D:00C8H         PUBLIC        T2CON
  C:000CH         PUBLIC        _lcd1602Delay
  D:00D0H         PUBLIC        PSW
  -------         PROC          L?0015
  -------         ENDPROC       L?0015
  -------         PROC          _LCD1602DELAY
  D:0006H         SYMBOL        i
  -------         DO            
  D:0002H         SYMBOL        x
  D:0004H         SYMBOL        j
  -------         ENDDO         
  C:000CH         LINE#         11
  C:000CH         LINE#         13
  C:0016H         LINE#         14
  C:0019H         LINE#         15
  C:0024H         LINE#         16
  C:002BH         LINE#         17
  -------         ENDPROC       _LCD1602DELAY
  -------         PROC          _LCD1602_WRITECOMMAND
  D:0007H         SYMBOL        c
  C:007DH         LINE#         19
  C:007DH         LINE#         21
  C:007FH         LINE#         22
  C:0081H         LINE#         23
  C:0083H         LINE#         24
  C:0083H         LINE#         26
  C:0083H         LINE#         27
  C:0086H         LINE#         28
  C:0088H         LINE#         29
  -------         ENDPROC       _LCD1602_WRITECOMMAND
  -------         PROC          _LCD1602SHOW
  D:0008H         SYMBOL        x
  D:0001H         SYMBOL        y
  D:0009H         SYMBOL        d
  C:002CH         LINE#         31
BL51 BANKED LINKER/LOCATER V6.22                                                      10/30/2013  18:58:28  PAGE 3


  C:0032H         LINE#         33
  C:0035H         LINE#         34
  C:003DH         LINE#         35
  C:0040H         LINE#         36
  C:0048H         LINE#         38
  C:004AH         LINE#         39
  C:004CH         LINE#         40
  C:004FH         LINE#         41
  C:004FH         LINE#         43
  C:004FH         LINE#         44
  C:0052H         LINE#         45
  C:0054H         LINE#         46
  -------         ENDPROC       _LCD1602SHOW
  -------         PROC          INITLCD1602
  C:0055H         LINE#         49
  C:0055H         LINE#         51
  C:0057H         LINE#         52
  C:005CH         LINE#         53
  C:0061H         LINE#         54
  C:0066H         LINE#         55
  C:006BH         LINE#         56
  -------         ENDPROC       INITLCD1602
  -------         ENDMOD        LCD1602

  -------         MODULE        MAIN
  C:0000H         SYMBOL        _ICE_DUMMY_
  C:0070H         PUBLIC        main
  -------         PROC          MAIN
  C:0070H         LINE#         3
  C:0070H         LINE#         5
  C:0073H         LINE#         6
  C:007BH         LINE#         7
  -------         ENDPROC       MAIN
  -------         ENDMOD        MAIN

Program Size: data=11.0 xdata=0 code=149
LINK/LOCATE RUN COMPLETE.  0 WARNING(S),  0 ERROR(S)
