C51 COMPILER V9.01   ADC0832                                                               08/30/2013 11:28:48 PAGE 1   


C51 COMPILER V9.01, COMPILATION OF MODULE ADC0832
OBJECT MODULE PLACED IN ADC0832.OBJ
COMPILER INVOKED BY: D:\keil\C51\BIN\C51.EXE ADC0832.c BROWSE DEBUG OBJECTEXTEND

line level    source

   1          #include "adc0832.h"
   2          
   3          #define uchar unsigned char
   4          #define uint unsigned int
   5          
   6          sbit ADC0832CS = P1^4;
   7          sbit ADC0832CLK = P1^5;
   8          sbit ADC0832D0_D1 = P1^6;
   9          
  10          
  11          
  12          uchar ADC0832ReadInfo() {
  13   1              uchar i = 0;
  14   1              uchar Value1 = 0;
  15   1              uchar Value2 = 0;
  16   1              
  17   1      
  18   1              
  19   1              ADC0832CS = 1;//关掉AD;
  20   1              ADC0832CLK = 0;
  21   1              ADC0832D0_D1 = 0;
  22   1              
  23   1              ADC0832CS = 0;//开启芯片
  24   1              
  25   1              ADC0832D0_D1 = 1;//开始位
  26   1              ADC0832CLK = 0;
  27   1              ADC0832CLK = 1;
  28   1              
  29   1              ADC0832D0_D1 = 0;//并分/单通首
  30   1              ADC0832CLK =0;
  31   1              ADC0832CLK = 1;
  32   1              
  33   1              ADC0832D0_D1 = 0;//通首选择位
  34   1              ADC0832CLK = 0;
  35   1              ADC0832CLK = 1;
  36   1              
  37   1              ADC0832D0_D1 = 1;//空闲位
  38   1              ADC0832CLK = 0;
  39   1              ADC0832CLK = 1;
  40   1              
  41   1              for(i = 0;i <8 ;i++)                    //读第一次数据
  42   1              {
  43   2                      ADC0832CLK = 1;
  44   2                      ADC0832CLK = 0;
  45   2                      if(ADC0832D0_D1)
  46   2                      {
  47   3                              Value1 |= 0x80 >> i;
  48   3                      }
  49   2              }
  50   1              
  51   1              for(i = 0; i < 8; i++)                  //读第二次数据
  52   1              {
  53   2                      if(ADC0832D0_D1)
  54   2                      {
  55   3                              Value2 |= 0x01 << i;
C51 COMPILER V9.01   ADC0832                                                               08/30/2013 11:28:48 PAGE 2   

  56   3                      }
  57   2                      ADC0832CLK = 1;
  58   2                      ADC0832CLK = 0;
  59   2              }
  60   1              
  61   1              ADC0832CS = 1;                                  //关掉芯片
  62   1              
  63   1              if(Value1 == Value2)                    //数据校难
  64   1              {
  65   2                      return Value1;
  66   2              }
  67   1              else
  68   1              {
  69   2                      return 0;
  70   2              }
  71   1      }


MODULE INFORMATION:   STATIC OVERLAYABLE
   CODE SIZE        =     97    ----
   CONSTANT SIZE    =   ----    ----
   XDATA SIZE       =   ----    ----
   PDATA SIZE       =   ----    ----
   DATA SIZE        =   ----    ----
   IDATA SIZE       =   ----    ----
   BIT SIZE         =   ----    ----
END OF MODULE INFORMATION.


C51 COMPILATION COMPLETE.  0 WARNING(S),  0 ERROR(S)
