BL51 BANKED LINKER/LOCATER V6.22                                                        08/30/2013  11:28:48  PAGE 1


BL51 BANKED LINKER/LOCATER V6.22, INVOKED BY:
D:\KEIL\C51\BIN\BL51.EXE ADC0832.obj, main.obj TO Test RAMSIZE (256)


MEMORY MODEL: SMALL


INPUT MODULES INCLUDED:
  ADC0832.obj (ADC0832)
  main.obj (MAIN)
  D:\KEIL\C51\LIB\C51S.LIB (?C_STARTUP)
  D:\KEIL\C51\LIB\C51S.LIB (?C?UIDIV)


LINK MAP OF MODULE:  Test (ADC0832)


            TYPE    BASE      LENGTH    RELOCATION   SEGMENT NAME
            -----------------------------------------------------

            * * * * * * *   D A T A   M E M O R Y   * * * * * * *
            REG     0000H     0008H     ABSOLUTE     "REG BANK 0"
            DATA    0008H     0003H     UNIT         _DATA_GROUP_
            IDATA   000BH     0001H     UNIT         ?STACK

            * * * * * * *   C O D E   M E M O R Y   * * * * * * *
            CODE    0000H     0003H     ABSOLUTE     
            CODE    0003H     008FH     UNIT         ?PR?MAIN?MAIN
            CODE    0092H     0061H     UNIT         ?PR?ADC0832READINFO?ADC0832
            CODE    00F3H     0055H     UNIT         ?C?LIB_CODE
            CODE    0148H     0035H     UNIT         ?PR?_DELAY?MAIN
            CODE    017DH     0014H     UNIT         ?CO?MAIN
            CODE    0191H     000CH     UNIT         ?C_C51STARTUP



OVERLAY MAP OF MODULE:   Test (ADC0832)


SEGMENT                               DATA_GROUP 
  +--> CALLED SEGMENT               START    LENGTH
---------------------------------------------------
?C_C51STARTUP                       -----    -----
  +--> ?PR?MAIN?MAIN

?PR?MAIN?MAIN                       0008H    0003H
  +--> ?PR?ADC0832READINFO?ADC0832
  +--> ?CO?MAIN
  +--> ?PR?_DELAY?MAIN

?PR?_DELAY?MAIN                     -----    -----
  +--> ?CO?MAIN



SYMBOL TABLE OF MODULE:  Test (ADC0832)

  VALUE           TYPE          NAME
BL51 BANKED LINKER/LOCATER V6.22                                                      08/30/2013  11:28:48  PAGE 2


  ----------------------------------

  -------         MODULE        ADC0832
  C:0000H         SYMBOL        _ICE_DUMMY_
  D:0090H         PUBLIC        P1
  D:00B0H         PUBLIC        P3
  D:00A8H         PUBLIC        IE
  D:00B8H         PUBLIC        IP
  C:0092H         PUBLIC        ADC0832ReadInfo
  B:0090H.4       PUBLIC        ADC0832CS
  D:0098H         PUBLIC        SCON
  D:0088H         PUBLIC        TCON
  B:0090H.6       PUBLIC        ADC0832D0_D1
  D:00C8H         PUBLIC        T2CON
  B:0090H.5       PUBLIC        ADC0832CLK
  D:00D0H         PUBLIC        PSW
  -------         PROC          ADC0832READINFO
  -------         DO            
  D:0007H         SYMBOL        i
  D:0006H         SYMBOL        Value1
  D:0005H         SYMBOL        Value2
  -------         ENDDO         
  C:0092H         LINE#         12
  C:0092H         LINE#         13
  C:0094H         LINE#         14
  C:0095H         LINE#         15
  C:0096H         LINE#         19
  C:0098H         LINE#         20
  C:009AH         LINE#         21
  C:009CH         LINE#         23
  C:009EH         LINE#         25
  C:00A0H         LINE#         26
  C:00A2H         LINE#         27
  C:00A4H         LINE#         29
  C:00A6H         LINE#         30
  C:00A8H         LINE#         31
  C:00AAH         LINE#         33
  C:00ACH         LINE#         34
  C:00AEH         LINE#         35
  C:00B0H         LINE#         37
  C:00B2H         LINE#         38
  C:00B4H         LINE#         39
  C:00B6H         LINE#         41
  C:00B6H         LINE#         42
  C:00B6H         LINE#         43
  C:00B8H         LINE#         44
  C:00BAH         LINE#         45
  C:00BDH         LINE#         46
  C:00BDH         LINE#         47
  C:00CAH         LINE#         48
  C:00CAH         LINE#         49
  C:00CEH         LINE#         51
  C:00D0H         LINE#         52
  C:00D0H         LINE#         53
  C:00D3H         LINE#         54
  C:00D3H         LINE#         55
  C:00E0H         LINE#         56
BL51 BANKED LINKER/LOCATER V6.22                                                      08/30/2013  11:28:48  PAGE 3


  C:00E0H         LINE#         57
  C:00E2H         LINE#         58
  C:00E4H         LINE#         59
  C:00E8H         LINE#         61
  C:00EAH         LINE#         63
  C:00EEH         LINE#         64
  C:00EEH         LINE#         65
  C:00F0H         LINE#         66
  C:00F0H         LINE#         68
  C:00F0H         LINE#         69
  C:00F2H         LINE#         70
  C:00F2H         LINE#         71
  -------         ENDPROC       ADC0832READINFO
  -------         ENDMOD        ADC0832

  -------         MODULE        MAIN
  C:0000H         SYMBOL        _ICE_DUMMY_
  D:0080H         PUBLIC        P0
  C:017DH         PUBLIC        numbers
  D:0090H         PUBLIC        P1
  D:00A0H         PUBLIC        P2
  D:00B0H         PUBLIC        P3
  D:00A8H         PUBLIC        IE
  C:015DH         PUBLIC        _delay
  D:00B8H         PUBLIC        IP
  C:0003H         PUBLIC        main
  C:0187H         PUBLIC        numbers2
  D:0098H         PUBLIC        SCON
  D:0088H         PUBLIC        TCON
  B:00A0H.6       PUBLIC        led0
  B:00A0H.5       PUBLIC        led1
  D:00C8H         PUBLIC        T2CON
  B:00A0H.4       PUBLIC        led2
  B:00A0H.7       PUBLIC        led3
  D:00D0H         PUBLIC        PSW
  C:0153H         SYMBOL        L?0015
  -------         PROC          L?0014
  -------         ENDPROC       L?0014
  C:0153H         SYMBOL        L?0015
  -------         PROC          _DELAY
  D:0006H         SYMBOL        i
  -------         DO            
  D:0002H         SYMBOL        x
  D:0004H         SYMBOL        j
  -------         ENDDO         
  C:015DH         LINE#         17
  C:015DH         LINE#         21
  C:0167H         LINE#         22
  C:016AH         LINE#         23
  C:0175H         LINE#         24
  C:017CH         LINE#         25
  -------         ENDPROC       _DELAY
  -------         PROC          MAIN
  -------         DO            
  D:0008H         SYMBOL        i
  D:0009H         SYMBOL        r
  -------         ENDDO         
BL51 BANKED LINKER/LOCATER V6.22                                                      08/30/2013  11:28:48  PAGE 4


  C:0003H         LINE#         27
  C:0003H         LINE#         31
  C:0010H         LINE#         33
  C:0010H         LINE#         35
  C:0012H         LINE#         36
  C:0025H         LINE#         37
  C:0028H         LINE#         38
  C:002AH         LINE#         40
  C:002CH         LINE#         41
  C:003BH         LINE#         42
  C:003EH         LINE#         43
  C:0040H         LINE#         45
  C:0042H         LINE#         46
  C:0062H         LINE#         47
  C:0065H         LINE#         48
  C:0067H         LINE#         50
  C:0069H         LINE#         51
  C:0071H         LINE#         52
  C:0074H         LINE#         53
  C:0076H         LINE#         55
  C:007DH         LINE#         56
  C:008AH         LINE#         57
  C:008DH         LINE#         58
  C:008DH         LINE#         59
  C:008FH         LINE#         60
  -------         ENDPROC       MAIN
  -------         ENDMOD        MAIN

  -------         MODULE        ?C?UIDIV
  C:00F3H         PUBLIC        ?C?UIDIV
  -------         ENDMOD        ?C?UIDIV

Program Size: data=12.0 xdata=0 code=413
LINK/LOCATE RUN COMPLETE.  0 WARNING(S),  0 ERROR(S)
