BL51 BANKED LINKER/LOCATER V6.22                                                        01/01/2015  15:17:53  PAGE 1


BL51 BANKED LINKER/LOCATER V6.22, INVOKED BY:
D:\KEIL\C51\BIN\BL51.EXE main.obj, uart.obj TO Test RAMSIZE (256)


MEMORY MODEL: SMALL


INPUT MODULES INCLUDED:
  main.obj (MAIN)
  uart.obj (UART)
  D:\KEIL\C51\LIB\C51S.LIB (?C_STARTUP)


LINK MAP OF MODULE:  Test (MAIN)


            TYPE    BASE      LENGTH    RELOCATION   SEGMENT NAME
            -----------------------------------------------------

            * * * * * * *   D A T A   M E M O R Y   * * * * * * *
            REG     0000H     0008H     ABSOLUTE     "REG BANK 0"
            DATA    0008H     0001H     UNIT         _DATA_GROUP_
            IDATA   0009H     0001H     UNIT         ?STACK

            * * * * * * *   C O D E   M E M O R Y   * * * * * * *
            CODE    0000H     0003H     ABSOLUTE     
            CODE    0003H     001BH     UNIT         ?PR?INITUART?UART
            CODE    001EH     0010H     UNIT         ?PR?MAIN?MAIN
            CODE    002EH     000CH     UNIT         ?PR?_UARTSENDBYTE?UART
            CODE    003AH     000CH     UNIT         ?C_C51STARTUP
            CODE    0046H     0008H     UNIT         ?PR?UARTREADBYTE?UART



OVERLAY MAP OF MODULE:   Test (MAIN)


SEGMENT                          DATA_GROUP 
  +--> CALLED SEGMENT          START    LENGTH
----------------------------------------------
?C_C51STARTUP                  -----    -----
  +--> ?PR?MAIN?MAIN

?PR?MAIN?MAIN                  0008H    0001H
  +--> ?PR?INITUART?UART
  +--> ?PR?UARTREADBYTE?UART
  +--> ?PR?_UARTSENDBYTE?UART



SYMBOL TABLE OF MODULE:  Test (MAIN)

  VALUE           TYPE          NAME
  ----------------------------------

  -------         MODULE        MAIN
  C:0000H         SYMBOL        _ICE_DUMMY_
  D:0090H         PUBLIC        P1
BL51 BANKED LINKER/LOCATER V6.22                                                      01/01/2015  15:17:53  PAGE 2


  D:00B0H         PUBLIC        P3
  D:00A8H         PUBLIC        IE
  D:00B8H         PUBLIC        IP
  C:001EH         PUBLIC        main
  D:0098H         PUBLIC        SCON
  D:0088H         PUBLIC        TCON
  D:00C8H         PUBLIC        T2CON
  D:00D0H         PUBLIC        PSW
  -------         PROC          MAIN
  -------         DO            
  D:0008H         SYMBOL        d
  -------         ENDDO         
  C:001EH         LINE#         5
  C:001EH         LINE#         6
  C:0021H         LINE#         7
  C:0024H         LINE#         9
  C:0024H         LINE#         10
  C:0029H         LINE#         11
  C:002CH         LINE#         12
  -------         ENDPROC       MAIN
  -------         ENDMOD        MAIN

  -------         MODULE        UART
  C:0000H         SYMBOL        _ICE_DUMMY_
  D:0090H         PUBLIC        P1
  D:00B0H         PUBLIC        P3
  B:00A8H.7       PUBLIC        EA
  D:00A8H         PUBLIC        IE
  B:00A8H.4       PUBLIC        ES
  D:00B8H         PUBLIC        IP
  B:0098H.0       PUBLIC        RI
  B:0098H.1       PUBLIC        TI
  D:0099H         PUBLIC        SBUF
  D:0087H         PUBLIC        PCON
  C:0046H         PUBLIC        UartReadByte
  D:0098H         PUBLIC        SCON
  D:0089H         PUBLIC        TMOD
  D:0088H         PUBLIC        TCON
  C:002EH         PUBLIC        _UartSendByte
  B:00A8H.3       PUBLIC        ET1
  D:008DH         PUBLIC        TH1
  D:008BH         PUBLIC        TL1
  C:0003H         PUBLIC        initUart
  B:0088H.6       PUBLIC        TR1
  D:00C8H         PUBLIC        T2CON
  D:00D0H         PUBLIC        PSW
  -------         PROC          INITUART
  C:0003H         LINE#         4
  C:0003H         LINE#         5
  C:0006H         LINE#         6
  C:0009H         LINE#         7
  C:000CH         LINE#         8
  C:000FH         LINE#         10
  C:0012H         LINE#         11
  C:0015H         LINE#         13
  C:0017H         LINE#         14
  C:0019H         LINE#         15
BL51 BANKED LINKER/LOCATER V6.22                                                      01/01/2015  15:17:53  PAGE 3


  C:001BH         LINE#         16
  C:001DH         LINE#         17
  -------         ENDPROC       INITUART
  -------         PROC          _UARTSENDBYTE
  D:0007H         SYMBOL        value
  C:002EH         LINE#         19
  C:002EH         LINE#         20
  C:0030H         LINE#         21
  C:0032H         LINE#         22
  C:0035H         LINE#         23
  C:0037H         LINE#         24
  C:0039H         LINE#         25
  -------         ENDPROC       _UARTSENDBYTE
  -------         PROC          UARTREADBYTE
  -------         DO            
  D:0007H         SYMBOL        d
  -------         ENDDO         
  C:0046H         LINE#         27
  C:0046H         LINE#         29
  C:0049H         LINE#         30
  C:004BH         LINE#         31
  C:004DH         LINE#         32
  C:004DH         LINE#         33
  -------         ENDPROC       UARTREADBYTE
  -------         ENDMOD        UART

Program Size: data=10.0 xdata=0 code=78
LINK/LOCATE RUN COMPLETE.  0 WARNING(S),  0 ERROR(S)
