BL51 BANKED LINKER/LOCATER V6.22                                                        08/30/2013  11:32:21  PAGE 1


BL51 BANKED LINKER/LOCATER V6.22, INVOKED BY:
D:\KEIL\C51\BIN\BL51.EXE BUZZ.obj, main.obj TO Test RAMSIZE (256)


MEMORY MODEL: SMALL


INPUT MODULES INCLUDED:
  BUZZ.obj (BUZZ)
  main.obj (MAIN)
  D:\KEIL\C51\LIB\C51S.LIB (?C_STARTUP)


LINK MAP OF MODULE:  Test (BUZZ)


            TYPE    BASE      LENGTH    RELOCATION   SEGMENT NAME
            -----------------------------------------------------

            * * * * * * *   D A T A   M E M O R Y   * * * * * * *
            REG     0000H     0008H     ABSOLUTE     "REG BANK 0"
            IDATA   0008H     0001H     UNIT         ?STACK

            * * * * * * *   C O D E   M E M O R Y   * * * * * * *
            CODE    0000H     0003H     ABSOLUTE     
            CODE    0003H     0020H     UNIT         ?PR?_DELAY?MAIN
            CODE    0023H     0016H     UNIT         ?PR?MAIN?MAIN
            CODE    0039H     000CH     UNIT         ?C_C51STARTUP
            CODE    0045H     0003H     UNIT         ?PR?NOISE?BUZZ
            CODE    0048H     0003H     UNIT         ?PR?QUIET?BUZZ



OVERLAY MAP OF MODULE:   Test (BUZZ)


SEGMENT
  +--> CALLED SEGMENT
---------------------
?C_C51STARTUP
  +--> ?PR?MAIN?MAIN

?PR?MAIN?MAIN
  +--> ?PR?NOISE?BUZZ
  +--> ?PR?_DELAY?MAIN
  +--> ?PR?QUIET?BUZZ



SYMBOL TABLE OF MODULE:  Test (BUZZ)

  VALUE           TYPE          NAME
  ----------------------------------

  -------         MODULE        BUZZ
  C:0000H         SYMBOL        _ICE_DUMMY_
  D:0090H         PUBLIC        P1
  D:00A0H         PUBLIC        P2
BL51 BANKED LINKER/LOCATER V6.22                                                      08/30/2013  11:32:21  PAGE 2


  D:00B0H         PUBLIC        P3
  D:00A8H         PUBLIC        IE
  D:00B8H         PUBLIC        IP
  C:0045H         PUBLIC        noise
  C:0048H         PUBLIC        quiet
  D:0098H         PUBLIC        SCON
  D:0088H         PUBLIC        TCON
  B:00A0H.3       PUBLIC        b
  D:00C8H         PUBLIC        T2CON
  D:00D0H         PUBLIC        PSW
  -------         PROC          NOISE
  C:0045H         LINE#         6
  C:0045H         LINE#         7
  C:0047H         LINE#         8
  -------         ENDPROC       NOISE
  -------         PROC          QUIET
  C:0048H         LINE#         10
  C:0048H         LINE#         11
  C:004AH         LINE#         12
  -------         ENDPROC       QUIET
  -------         ENDMOD        BUZZ

  -------         MODULE        MAIN
  C:0000H         SYMBOL        _ICE_DUMMY_
  C:0003H         PUBLIC        _delay
  C:0023H         PUBLIC        main
  -------         PROC          _DELAY
  D:0006H         SYMBOL        i
  -------         DO            
  D:0002H         SYMBOL        x
  D:0004H         SYMBOL        j
  -------         ENDDO         
  C:0003H         LINE#         3
  C:0003H         LINE#         5
  C:000DH         LINE#         6
  C:0010H         LINE#         7
  C:001BH         LINE#         8
  C:0022H         LINE#         9
  -------         ENDPROC       _DELAY
  -------         PROC          MAIN
  C:0023H         LINE#         11
  C:0023H         LINE#         12
  C:0023H         LINE#         13
  C:0026H         LINE#         14
  C:002DH         LINE#         15
  C:0030H         LINE#         16
  C:0037H         LINE#         17
  -------         ENDPROC       MAIN
  -------         ENDMOD        MAIN

Program Size: data=9.0 xdata=0 code=75
LINK/LOCATE RUN COMPLETE.  0 WARNING(S),  0 ERROR(S)
