BL51 BANKED LINKER/LOCATER V6.22                                                        08/30/2013  12:42:46  PAGE 1


BL51 BANKED LINKER/LOCATER V6.22, INVOKED BY:
D:\KEIL\C51\BIN\BL51.EXE main.obj, Power.obj TO Test RAMSIZE (256)


MEMORY MODEL: SMALL


INPUT MODULES INCLUDED:
  main.obj (MAIN)
  Power.obj (POWER)
  D:\KEIL\C51\LIB\C51S.LIB (?C_STARTUP)


LINK MAP OF MODULE:  Test (MAIN)


            TYPE    BASE      LENGTH    RELOCATION   SEGMENT NAME
            -----------------------------------------------------

            * * * * * * *   D A T A   M E M O R Y   * * * * * * *
            REG     0000H     0008H     ABSOLUTE     "REG BANK 0"
            IDATA   0008H     0001H     UNIT         ?STACK

            * * * * * * *   C O D E   M E M O R Y   * * * * * * *
            CODE    0000H     0003H     ABSOLUTE     
            CODE    0003H     001CH     UNIT         ?PR?MAIN?MAIN
            CODE    001FH     000CH     UNIT         ?C_C51STARTUP
            CODE    002BH     000AH     UNIT         ?PR?ENTERPOWERDOWN?POWER
            CODE    0035H     0006H     UNIT         ?PR?GETRESETMODE?POWER
            CODE    003BH     0004H     UNIT         ?PR?EXITPOWERDOWN?POWER
            CODE    003FH     0004H     UNIT         ?PR?CLEARRESET?POWER



OVERLAY MAP OF MODULE:   Test (MAIN)


SEGMENT
  +--> CALLED SEGMENT
---------------------
?C_C51STARTUP
  +--> ?PR?MAIN?MAIN

?PR?MAIN?MAIN
  +--> ?PR?GETRESETMODE?POWER
  +--> ?PR?CLEARRESET?POWER
  +--> ?PR?ENTERPOWERDOWN?POWER



SYMBOL TABLE OF MODULE:  Test (MAIN)

  VALUE           TYPE          NAME
  ----------------------------------

  -------         MODULE        MAIN
  C:0000H         SYMBOL        _ICE_DUMMY_
  D:0080H         PUBLIC        P0
BL51 BANKED LINKER/LOCATER V6.22                                                      08/30/2013  12:42:46  PAGE 2


  D:0090H         PUBLIC        P1
  D:00B0H         PUBLIC        P3
  D:00A8H         PUBLIC        IE
  D:00B8H         PUBLIC        IP
  C:0003H         PUBLIC        main
  D:0098H         PUBLIC        SCON
  D:0088H         PUBLIC        TCON
  D:00C8H         PUBLIC        T2CON
  D:00D0H         PUBLIC        PSW
  -------         PROC          MAIN
  C:0003H         LINE#         4
  C:0003H         LINE#         5
  C:0003H         LINE#         6
  C:0006H         LINE#         7
  C:000CH         LINE#         8
  C:000FH         LINE#         9
  C:0012H         LINE#         10
  C:0015H         LINE#         11
  C:0018H         LINE#         12
  C:001AH         LINE#         13
  C:001DH         LINE#         14
  -------         ENDPROC       MAIN
  -------         ENDMOD        MAIN

  -------         MODULE        POWER
  C:0000H         SYMBOL        _ICE_DUMMY_
  D:0090H         PUBLIC        P1
  D:00B0H         PUBLIC        P3
  B:00A8H.7       PUBLIC        EA
  D:00A8H         PUBLIC        IE
  C:003FH         PUBLIC        clearReset
  D:00B8H         PUBLIC        IP
  D:0087H         PUBLIC        PCON
  D:0098H         PUBLIC        SCON
  D:0088H         PUBLIC        TCON
  C:002BH         PUBLIC        enterPowerDown
  B:0088H.0       PUBLIC        IT0
  B:00A8H.2       PUBLIC        EX1
  C:0035H         PUBLIC        getResetMode
  D:00C8H         PUBLIC        T2CON
  C:003BH         PUBLIC        exitPowerDown
  D:00D0H         PUBLIC        PSW
  -------         PROC          GETRESETMODE
  C:0035H         LINE#         6
  C:0035H         LINE#         7
  C:003AH         LINE#         8
  -------         ENDPROC       GETRESETMODE
  -------         PROC          ENTERPOWERDOWN
  C:002BH         LINE#         10
  C:002BH         LINE#         11
  C:002DH         LINE#         12
  C:002FH         LINE#         13
  C:0031H         LINE#         14
  C:0034H         LINE#         15
  -------         ENDPROC       ENTERPOWERDOWN
  -------         PROC          EXITPOWERDOWN
  C:003BH         LINE#         17
BL51 BANKED LINKER/LOCATER V6.22                                                      08/30/2013  12:42:46  PAGE 3


  C:003BH         LINE#         18
  C:003EH         LINE#         19
  -------         ENDPROC       EXITPOWERDOWN
  -------         PROC          CLEARRESET
  C:003FH         LINE#         21
  C:003FH         LINE#         22
  C:0042H         LINE#         23
  -------         ENDPROC       CLEARRESET
  -------         ENDMOD        POWER

*** WARNING L16: UNCALLED SEGMENT, IGNORED FOR OVERLAY PROCESS
    SEGMENT: ?PR?EXITPOWERDOWN?POWER

Program Size: data=9.0 xdata=0 code=67
LINK/LOCATE RUN COMPLETE.  1 WARNING(S),  0 ERROR(S)
